<!doctype html public "-//w3c//dtd html 4.0 transitional//en">
<html><head>
<title>Static Call Graph - [.\Objects\hhhh.axf]</title></head>
<body><HR>
<H1>Static Call Graph for image .\Objects\hhhh.axf</H1><HR>
<BR><P>#&#060CALLGRAPH&#062# ARM Linker, 6240002: Last Updated: Sat May  2 17:39:03 2026
<BR><P>
<H3>Maximum Stack Usage =        220 bytes + Unknown(Functions without stacksize, Cycles, Untraceable Function Pointers)</H3><H3>
Call chain for Maximum Stack Depth:</H3>
__rt_entry_main &rArr; main &rArr; Board_GPIO_Init &rArr; gpio_cfg &rArr; gpio_CFG
<P>
<H3>
Functions with no stack information
</H3><UL>
 <LI><a href="#[30]">__user_initial_stackheap</a>
</UL>
</UL>
<P>
<H3>
Mutually Recursive functions
</H3> <LI><a href="#[1]">NMI_Handler</a>&nbsp;&nbsp;&nbsp;&rArr;&nbsp;&nbsp;&nbsp;<a href="#[1]">NMI_Handler</a><BR>
 <LI><a href="#[2]">HardFault_Handler</a>&nbsp;&nbsp;&nbsp;&rArr;&nbsp;&nbsp;&nbsp;<a href="#[2]">HardFault_Handler</a><BR>
 <LI><a href="#[3]">SVC_Handler</a>&nbsp;&nbsp;&nbsp;&rArr;&nbsp;&nbsp;&nbsp;<a href="#[3]">SVC_Handler</a><BR>
 <LI><a href="#[4]">PendSV_Handler</a>&nbsp;&nbsp;&nbsp;&rArr;&nbsp;&nbsp;&nbsp;<a href="#[4]">PendSV_Handler</a><BR>
 <LI><a href="#[17]">ADC_IRQHandler</a>&nbsp;&nbsp;&nbsp;&rArr;&nbsp;&nbsp;&nbsp;<a href="#[17]">ADC_IRQHandler</a><BR>
</UL>
<P>
<H3>
Function Pointers
</H3><UL>
 <LI><a href="#[17]">ADC_IRQHandler</a> from startup_sn32f400.o(.text) referenced from startup_sn32f400.o(RESET)
 <LI><a href="#[12]">ATAN_IRQHandler</a> from startup_sn32f400.o(.text) referenced from startup_sn32f400.o(RESET)
 <LI><a href="#[1a]">CMP0_IRQHandler</a> from startup_sn32f400.o(.text) referenced from startup_sn32f400.o(RESET)
 <LI><a href="#[11]">CMP1_IRQHandler</a> from startup_sn32f400.o(.text) referenced from startup_sn32f400.o(RESET)
 <LI><a href="#[b]">CMP2_IRQHandler</a> from startup_sn32f400.o(.text) referenced from startup_sn32f400.o(RESET)
 <LI><a href="#[8]">CMP3_IRQHandler</a> from startup_sn32f400.o(.text) referenced from startup_sn32f400.o(RESET)
 <LI><a href="#[e]">CT16B0_IRQHandler</a> from startup_sn32f400.o(.text) referenced from startup_sn32f400.o(RESET)
 <LI><a href="#[f]">CT16B1_IRQHandler</a> from startup_sn32f400.o(.text) referenced from startup_sn32f400.o(RESET)
 <LI><a href="#[14]">CT16B5_IRQHandler</a> from startup_sn32f400.o(.text) referenced from startup_sn32f400.o(RESET)
 <LI><a href="#[13]">DIV_IRQHandler</a> from startup_sn32f400.o(.text) referenced from startup_sn32f400.o(RESET)
 <LI><a href="#[7]">DMA_IRQHandler</a> from startup_sn32f400.o(.text) referenced from startup_sn32f400.o(RESET)
 <LI><a href="#[15]">FOC_IRQHandler</a> from startup_sn32f400.o(.text) referenced from startup_sn32f400.o(RESET)
 <LI><a href="#[2]">HardFault_Handler</a> from startup_sn32f400.o(.text) referenced from startup_sn32f400.o(RESET)
 <LI><a href="#[a]">I2C0_IRQHandler</a> from startup_sn32f400.o(.text) referenced from startup_sn32f400.o(RESET)
 <LI><a href="#[19]">LVD_IRQHandler</a> from startup_sn32f400.o(.text) referenced from startup_sn32f400.o(RESET)
 <LI><a href="#[6]">NDT_IRQHandler</a> from startup_sn32f400.o(.text) referenced from startup_sn32f400.o(RESET)
 <LI><a href="#[1]">NMI_Handler</a> from startup_sn32f400.o(.text) referenced from startup_sn32f400.o(RESET)
 <LI><a href="#[1e]">P0_IRQHandler</a> from startup_sn32f400.o(.text) referenced from startup_sn32f400.o(RESET)
 <LI><a href="#[1d]">P1_IRQHandler</a> from startup_sn32f400.o(.text) referenced from startup_sn32f400.o(RESET)
 <LI><a href="#[1c]">P2_IRQHandler</a> from startup_sn32f400.o(.text) referenced from startup_sn32f400.o(RESET)
 <LI><a href="#[1b]">P3_IRQHandler</a> from startup_sn32f400.o(.text) referenced from startup_sn32f400.o(RESET)
 <LI><a href="#[4]">PendSV_Handler</a> from startup_sn32f400.o(.text) referenced from startup_sn32f400.o(RESET)
 <LI><a href="#[16]">RTC_IRQHandler</a> from rtc.o(.text.RTC_IRQHandler) referenced from startup_sn32f400.o(RESET)
 <LI><a href="#[0]">Reset_Handler</a> from startup_sn32f400.o(.text) referenced from startup_sn32f400.o(RESET)
 <LI><a href="#[9]">SPI0_IRQHandler</a> from startup_sn32f400.o(.text) referenced from startup_sn32f400.o(RESET)
 <LI><a href="#[10]">SQRT_IRQHandler</a> from startup_sn32f400.o(.text) referenced from startup_sn32f400.o(RESET)
 <LI><a href="#[3]">SVC_Handler</a> from startup_sn32f400.o(.text) referenced from startup_sn32f400.o(RESET)
 <LI><a href="#[5]">SysTick_Handler</a> from systick.o(.text.SysTick_Handler) referenced from startup_sn32f400.o(RESET)
 <LI><a href="#[c]">UART0_IRQHandler</a> from startup_sn32f400.o(.text) referenced from startup_sn32f400.o(RESET)
 <LI><a href="#[d]">UART1_IRQHandler</a> from startup_sn32f400.o(.text) referenced from startup_sn32f400.o(RESET)
 <LI><a href="#[18]">WDT_IRQHandler</a> from startup_sn32f400.o(.text) referenced from startup_sn32f400.o(RESET)
 <LI><a href="#[1f]">__main</a> from __main.o(!!!main) referenced from startup_sn32f400.o(.text)
</UL>
<P>
<H3>
Global Symbols
</H3>
<P><STRONG><a name="[1f]"></a>__main</STRONG> (Thumb, 8 bytes, Stack size 0 bytes, __main.o(!!!main))
<BR><BR>[Calls]<UL><LI><a href="#[21]">&gt;&gt;</a>&nbsp;&nbsp;&nbsp;__rt_entry
<LI><a href="#[20]">&gt;&gt;</a>&nbsp;&nbsp;&nbsp;__scatterload
</UL>
<BR>[Address Reference Count : 1]<UL><LI> startup_sn32f400.o(.text)
</UL>
<P><STRONG><a name="[20]"></a>__scatterload</STRONG> (Thumb, 0 bytes, Stack size unknown bytes, __scatter.o(!!!scatter))
<BR><BR>[Called By]<UL><LI><a href="#[1f]">&gt;&gt;</a>&nbsp;&nbsp;&nbsp;__main
</UL>

<P><STRONG><a name="[22]"></a>__scatterload_rt2</STRONG> (Thumb, 74 bytes, Stack size unknown bytes, __scatter.o(!!!scatter), UNUSED)
<BR><BR>[Calls]<UL><LI><a href="#[21]">&gt;&gt;</a>&nbsp;&nbsp;&nbsp;__rt_entry
</UL>

<P><STRONG><a name="[6e]"></a>__scatterload_rt2_thumb_only</STRONG> (Thumb, 0 bytes, Stack size unknown bytes, __scatter.o(!!!scatter), UNUSED)

<P><STRONG><a name="[6f]"></a>__scatterload_loop</STRONG> (Thumb, 0 bytes, Stack size unknown bytes, __scatter.o(!!!scatter), UNUSED)

<P><STRONG><a name="[23]"></a>__scatterload_copy</STRONG> (Thumb, 26 bytes, Stack size unknown bytes, __scatter_copy.o(!!handler_copy), UNUSED)
<BR><BR>[Calls]<UL><LI><a href="#[23]">&gt;&gt;</a>&nbsp;&nbsp;&nbsp;__scatterload_copy
</UL>
<BR>[Called By]<UL><LI><a href="#[23]">&gt;&gt;</a>&nbsp;&nbsp;&nbsp;__scatterload_copy
</UL>

<P><STRONG><a name="[70]"></a>__scatterload_null</STRONG> (Thumb, 2 bytes, Stack size unknown bytes, __scatter.o(!!handler_null), UNUSED)

<P><STRONG><a name="[71]"></a>__scatterload_zeroinit</STRONG> (Thumb, 28 bytes, Stack size unknown bytes, __scatter_zi.o(!!handler_zi), UNUSED)

<P><STRONG><a name="[27]"></a>__rt_lib_init</STRONG> (Thumb, 0 bytes, Stack size unknown bytes, libinit.o(.ARM.Collect$$libinit$$00000000))
<BR><BR>[Called By]<UL><LI><a href="#[26]">&gt;&gt;</a>&nbsp;&nbsp;&nbsp;__rt_entry_li
</UL>

<P><STRONG><a name="[72]"></a>__rt_lib_init_alloca_1</STRONG> (Thumb, 0 bytes, Stack size unknown bytes, libinit2.o(.ARM.Collect$$libinit$$00000030))

<P><STRONG><a name="[73]"></a>__rt_lib_init_argv_1</STRONG> (Thumb, 0 bytes, Stack size unknown bytes, libinit2.o(.ARM.Collect$$libinit$$0000002E))

<P><STRONG><a name="[74]"></a>__rt_lib_init_atexit_1</STRONG> (Thumb, 0 bytes, Stack size unknown bytes, libinit2.o(.ARM.Collect$$libinit$$0000001D))

<P><STRONG><a name="[75]"></a>__rt_lib_init_clock_1</STRONG> (Thumb, 0 bytes, Stack size unknown bytes, libinit2.o(.ARM.Collect$$libinit$$00000023))

<P><STRONG><a name="[76]"></a>__rt_lib_init_cpp_1</STRONG> (Thumb, 0 bytes, Stack size unknown bytes, libinit2.o(.ARM.Collect$$libinit$$00000034))

<P><STRONG><a name="[77]"></a>__rt_lib_init_exceptions_1</STRONG> (Thumb, 0 bytes, Stack size unknown bytes, libinit2.o(.ARM.Collect$$libinit$$00000032))

<P><STRONG><a name="[78]"></a>__rt_lib_init_fp_1</STRONG> (Thumb, 0 bytes, Stack size unknown bytes, libinit2.o(.ARM.Collect$$libinit$$00000002))

<P><STRONG><a name="[79]"></a>__rt_lib_init_fp_trap_1</STRONG> (Thumb, 0 bytes, Stack size unknown bytes, libinit2.o(.ARM.Collect$$libinit$$00000021))

<P><STRONG><a name="[7a]"></a>__rt_lib_init_getenv_1</STRONG> (Thumb, 0 bytes, Stack size unknown bytes, libinit2.o(.ARM.Collect$$libinit$$00000025))

<P><STRONG><a name="[7b]"></a>__rt_lib_init_heap_1</STRONG> (Thumb, 0 bytes, Stack size unknown bytes, libinit2.o(.ARM.Collect$$libinit$$0000000C))

<P><STRONG><a name="[7c]"></a>__rt_lib_init_lc_collate_1</STRONG> (Thumb, 0 bytes, Stack size unknown bytes, libinit2.o(.ARM.Collect$$libinit$$00000013))

<P><STRONG><a name="[7d]"></a>__rt_lib_init_lc_ctype_1</STRONG> (Thumb, 0 bytes, Stack size unknown bytes, libinit2.o(.ARM.Collect$$libinit$$00000015))

<P><STRONG><a name="[7e]"></a>__rt_lib_init_lc_monetary_1</STRONG> (Thumb, 0 bytes, Stack size unknown bytes, libinit2.o(.ARM.Collect$$libinit$$00000017))

<P><STRONG><a name="[7f]"></a>__rt_lib_init_lc_numeric_1</STRONG> (Thumb, 0 bytes, Stack size unknown bytes, libinit2.o(.ARM.Collect$$libinit$$00000019))

<P><STRONG><a name="[80]"></a>__rt_lib_init_lc_time_1</STRONG> (Thumb, 0 bytes, Stack size unknown bytes, libinit2.o(.ARM.Collect$$libinit$$0000001B))

<P><STRONG><a name="[81]"></a>__rt_lib_init_preinit_1</STRONG> (Thumb, 0 bytes, Stack size unknown bytes, libinit2.o(.ARM.Collect$$libinit$$00000006))

<P><STRONG><a name="[82]"></a>__rt_lib_init_rand_1</STRONG> (Thumb, 0 bytes, Stack size unknown bytes, libinit2.o(.ARM.Collect$$libinit$$00000010))

<P><STRONG><a name="[83]"></a>__rt_lib_init_relocate_pie_1</STRONG> (Thumb, 0 bytes, Stack size unknown bytes, libinit2.o(.ARM.Collect$$libinit$$00000004))

<P><STRONG><a name="[84]"></a>__rt_lib_init_return</STRONG> (Thumb, 0 bytes, Stack size unknown bytes, libinit2.o(.ARM.Collect$$libinit$$00000035))

<P><STRONG><a name="[85]"></a>__rt_lib_init_signal_1</STRONG> (Thumb, 0 bytes, Stack size unknown bytes, libinit2.o(.ARM.Collect$$libinit$$0000001F))

<P><STRONG><a name="[86]"></a>__rt_lib_init_stdio_1</STRONG> (Thumb, 0 bytes, Stack size unknown bytes, libinit2.o(.ARM.Collect$$libinit$$00000027))

<P><STRONG><a name="[87]"></a>__rt_lib_init_user_alloc_1</STRONG> (Thumb, 0 bytes, Stack size unknown bytes, libinit2.o(.ARM.Collect$$libinit$$0000000E))

<P><STRONG><a name="[2c]"></a>__rt_lib_shutdown</STRONG> (Thumb, 0 bytes, Stack size unknown bytes, libshutdown.o(.ARM.Collect$$libshutdown$$00000000))
<BR><BR>[Called By]<UL><LI><a href="#[2b]">&gt;&gt;</a>&nbsp;&nbsp;&nbsp;__rt_exit_ls
</UL>

<P><STRONG><a name="[88]"></a>__rt_lib_shutdown_cpp_1</STRONG> (Thumb, 0 bytes, Stack size unknown bytes, libshutdown2.o(.ARM.Collect$$libshutdown$$00000002))

<P><STRONG><a name="[89]"></a>__rt_lib_shutdown_fp_trap_1</STRONG> (Thumb, 0 bytes, Stack size unknown bytes, libshutdown2.o(.ARM.Collect$$libshutdown$$00000007))

<P><STRONG><a name="[8a]"></a>__rt_lib_shutdown_heap_1</STRONG> (Thumb, 0 bytes, Stack size unknown bytes, libshutdown2.o(.ARM.Collect$$libshutdown$$0000000F))

<P><STRONG><a name="[8b]"></a>__rt_lib_shutdown_return</STRONG> (Thumb, 0 bytes, Stack size unknown bytes, libshutdown2.o(.ARM.Collect$$libshutdown$$00000010))

<P><STRONG><a name="[8c]"></a>__rt_lib_shutdown_signal_1</STRONG> (Thumb, 0 bytes, Stack size unknown bytes, libshutdown2.o(.ARM.Collect$$libshutdown$$0000000A))

<P><STRONG><a name="[8d]"></a>__rt_lib_shutdown_stdio_1</STRONG> (Thumb, 0 bytes, Stack size unknown bytes, libshutdown2.o(.ARM.Collect$$libshutdown$$00000004))

<P><STRONG><a name="[8e]"></a>__rt_lib_shutdown_user_alloc_1</STRONG> (Thumb, 0 bytes, Stack size unknown bytes, libshutdown2.o(.ARM.Collect$$libshutdown$$0000000C))

<P><STRONG><a name="[21]"></a>__rt_entry</STRONG> (Thumb, 0 bytes, Stack size unknown bytes, __rtentry.o(.ARM.Collect$$rtentry$$00000000))
<BR><BR>[Called By]<UL><LI><a href="#[1f]">&gt;&gt;</a>&nbsp;&nbsp;&nbsp;__main
<LI><a href="#[22]">&gt;&gt;</a>&nbsp;&nbsp;&nbsp;__scatterload_rt2
</UL>

<P><STRONG><a name="[8f]"></a>__rt_entry_presh_1</STRONG> (Thumb, 0 bytes, Stack size unknown bytes, __rtentry2.o(.ARM.Collect$$rtentry$$00000002))

<P><STRONG><a name="[24]"></a>__rt_entry_sh</STRONG> (Thumb, 0 bytes, Stack size unknown bytes, __rtentry4.o(.ARM.Collect$$rtentry$$00000004))
<BR><BR>[Stack]<UL><LI>Max Depth = 8 + Unknown Stack Size
<LI>Call Chain = __rt_entry_sh &rArr; __user_setup_stackheap
</UL>
<BR>[Calls]<UL><LI><a href="#[25]">&gt;&gt;</a>&nbsp;&nbsp;&nbsp;__user_setup_stackheap
</UL>

<P><STRONG><a name="[26]"></a>__rt_entry_li</STRONG> (Thumb, 0 bytes, Stack size unknown bytes, __rtentry2.o(.ARM.Collect$$rtentry$$0000000A))
<BR><BR>[Calls]<UL><LI><a href="#[27]">&gt;&gt;</a>&nbsp;&nbsp;&nbsp;__rt_lib_init
</UL>

<P><STRONG><a name="[90]"></a>__rt_entry_postsh_1</STRONG> (Thumb, 0 bytes, Stack size unknown bytes, __rtentry2.o(.ARM.Collect$$rtentry$$00000009))

<P><STRONG><a name="[28]"></a>__rt_entry_main</STRONG> (Thumb, 0 bytes, Stack size unknown bytes, __rtentry2.o(.ARM.Collect$$rtentry$$0000000D))
<BR><BR>[Stack]<UL><LI>Max Depth = 220 + Unknown Stack Size
<LI>Call Chain = __rt_entry_main &rArr; main &rArr; Board_GPIO_Init &rArr; gpio_cfg &rArr; gpio_CFG
</UL>
<BR>[Calls]<UL><LI><a href="#[2a]">&gt;&gt;</a>&nbsp;&nbsp;&nbsp;exit
<LI><a href="#[29]">&gt;&gt;</a>&nbsp;&nbsp;&nbsp;main
</UL>

<P><STRONG><a name="[91]"></a>__rt_entry_postli_1</STRONG> (Thumb, 0 bytes, Stack size unknown bytes, __rtentry2.o(.ARM.Collect$$rtentry$$0000000C))

<P><STRONG><a name="[32]"></a>__rt_exit</STRONG> (Thumb, 0 bytes, Stack size unknown bytes, rtexit.o(.ARM.Collect$$rtexit$$00000000))
<BR><BR>[Called By]<UL><LI><a href="#[2a]">&gt;&gt;</a>&nbsp;&nbsp;&nbsp;exit
</UL>

<P><STRONG><a name="[2b]"></a>__rt_exit_ls</STRONG> (Thumb, 0 bytes, Stack size unknown bytes, rtexit2.o(.ARM.Collect$$rtexit$$00000003))
<BR><BR>[Calls]<UL><LI><a href="#[2c]">&gt;&gt;</a>&nbsp;&nbsp;&nbsp;__rt_lib_shutdown
</UL>

<P><STRONG><a name="[92]"></a>__rt_exit_prels_1</STRONG> (Thumb, 0 bytes, Stack size unknown bytes, rtexit2.o(.ARM.Collect$$rtexit$$00000002))

<P><STRONG><a name="[2d]"></a>__rt_exit_exit</STRONG> (Thumb, 0 bytes, Stack size unknown bytes, rtexit2.o(.ARM.Collect$$rtexit$$00000004))
<BR><BR>[Calls]<UL><LI><a href="#[2e]">&gt;&gt;</a>&nbsp;&nbsp;&nbsp;_sys_exit
</UL>

<P><STRONG><a name="[0]"></a>Reset_Handler</STRONG> (Thumb, 10 bytes, Stack size 0 bytes, startup_sn32f400.o(.text))
<BR>[Address Reference Count : 1]<UL><LI> startup_sn32f400.o(RESET)
</UL>
<P><STRONG><a name="[1]"></a>NMI_Handler</STRONG> (Thumb, 2 bytes, Stack size 0 bytes, startup_sn32f400.o(.text))
<BR><BR>[Calls]<UL><LI><a href="#[1]">&gt;&gt;</a>&nbsp;&nbsp;&nbsp;NMI_Handler
</UL>
<BR>[Called By]<UL><LI><a href="#[1]">&gt;&gt;</a>&nbsp;&nbsp;&nbsp;NMI_Handler
</UL>
<BR>[Address Reference Count : 1]<UL><LI> startup_sn32f400.o(RESET)
</UL>
<P><STRONG><a name="[2]"></a>HardFault_Handler</STRONG> (Thumb, 2 bytes, Stack size 0 bytes, startup_sn32f400.o(.text))
<BR><BR>[Calls]<UL><LI><a href="#[2]">&gt;&gt;</a>&nbsp;&nbsp;&nbsp;HardFault_Handler
</UL>
<BR>[Called By]<UL><LI><a href="#[2]">&gt;&gt;</a>&nbsp;&nbsp;&nbsp;HardFault_Handler
</UL>
<BR>[Address Reference Count : 1]<UL><LI> startup_sn32f400.o(RESET)
</UL>
<P><STRONG><a name="[3]"></a>SVC_Handler</STRONG> (Thumb, 2 bytes, Stack size 0 bytes, startup_sn32f400.o(.text))
<BR><BR>[Calls]<UL><LI><a href="#[3]">&gt;&gt;</a>&nbsp;&nbsp;&nbsp;SVC_Handler
</UL>
<BR>[Called By]<UL><LI><a href="#[3]">&gt;&gt;</a>&nbsp;&nbsp;&nbsp;SVC_Handler
</UL>
<BR>[Address Reference Count : 1]<UL><LI> startup_sn32f400.o(RESET)
</UL>
<P><STRONG><a name="[4]"></a>PendSV_Handler</STRONG> (Thumb, 2 bytes, Stack size 0 bytes, startup_sn32f400.o(.text))
<BR><BR>[Calls]<UL><LI><a href="#[4]">&gt;&gt;</a>&nbsp;&nbsp;&nbsp;PendSV_Handler
</UL>
<BR>[Called By]<UL><LI><a href="#[4]">&gt;&gt;</a>&nbsp;&nbsp;&nbsp;PendSV_Handler
</UL>
<BR>[Address Reference Count : 1]<UL><LI> startup_sn32f400.o(RESET)
</UL>
<P><STRONG><a name="[17]"></a>ADC_IRQHandler</STRONG> (Thumb, 0 bytes, Stack size 0 bytes, startup_sn32f400.o(.text))
<BR><BR>[Calls]<UL><LI><a href="#[17]">&gt;&gt;</a>&nbsp;&nbsp;&nbsp;ADC_IRQHandler
</UL>
<BR>[Called By]<UL><LI><a href="#[17]">&gt;&gt;</a>&nbsp;&nbsp;&nbsp;ADC_IRQHandler
</UL>
<BR>[Address Reference Count : 1]<UL><LI> startup_sn32f400.o(RESET)
</UL>
<P><STRONG><a name="[12]"></a>ATAN_IRQHandler</STRONG> (Thumb, 0 bytes, Stack size 0 bytes, startup_sn32f400.o(.text))
<BR>[Address Reference Count : 1]<UL><LI> startup_sn32f400.o(RESET)
</UL>
<P><STRONG><a name="[1a]"></a>CMP0_IRQHandler</STRONG> (Thumb, 0 bytes, Stack size 0 bytes, startup_sn32f400.o(.text))
<BR>[Address Reference Count : 1]<UL><LI> startup_sn32f400.o(RESET)
</UL>
<P><STRONG><a name="[11]"></a>CMP1_IRQHandler</STRONG> (Thumb, 0 bytes, Stack size 0 bytes, startup_sn32f400.o(.text))
<BR>[Address Reference Count : 1]<UL><LI> startup_sn32f400.o(RESET)
</UL>
<P><STRONG><a name="[b]"></a>CMP2_IRQHandler</STRONG> (Thumb, 0 bytes, Stack size 0 bytes, startup_sn32f400.o(.text))
<BR>[Address Reference Count : 1]<UL><LI> startup_sn32f400.o(RESET)
</UL>
<P><STRONG><a name="[8]"></a>CMP3_IRQHandler</STRONG> (Thumb, 0 bytes, Stack size 0 bytes, startup_sn32f400.o(.text))
<BR>[Address Reference Count : 1]<UL><LI> startup_sn32f400.o(RESET)
</UL>
<P><STRONG><a name="[e]"></a>CT16B0_IRQHandler</STRONG> (Thumb, 0 bytes, Stack size 0 bytes, startup_sn32f400.o(.text))
<BR>[Address Reference Count : 1]<UL><LI> startup_sn32f400.o(RESET)
</UL>
<P><STRONG><a name="[f]"></a>CT16B1_IRQHandler</STRONG> (Thumb, 0 bytes, Stack size 0 bytes, startup_sn32f400.o(.text))
<BR>[Address Reference Count : 1]<UL><LI> startup_sn32f400.o(RESET)
</UL>
<P><STRONG><a name="[14]"></a>CT16B5_IRQHandler</STRONG> (Thumb, 0 bytes, Stack size 0 bytes, startup_sn32f400.o(.text))
<BR>[Address Reference Count : 1]<UL><LI> startup_sn32f400.o(RESET)
</UL>
<P><STRONG><a name="[13]"></a>DIV_IRQHandler</STRONG> (Thumb, 0 bytes, Stack size 0 bytes, startup_sn32f400.o(.text))
<BR>[Address Reference Count : 1]<UL><LI> startup_sn32f400.o(RESET)
</UL>
<P><STRONG><a name="[7]"></a>DMA_IRQHandler</STRONG> (Thumb, 0 bytes, Stack size 0 bytes, startup_sn32f400.o(.text))
<BR>[Address Reference Count : 1]<UL><LI> startup_sn32f400.o(RESET)
</UL>
<P><STRONG><a name="[15]"></a>FOC_IRQHandler</STRONG> (Thumb, 0 bytes, Stack size 0 bytes, startup_sn32f400.o(.text))
<BR>[Address Reference Count : 1]<UL><LI> startup_sn32f400.o(RESET)
</UL>
<P><STRONG><a name="[a]"></a>I2C0_IRQHandler</STRONG> (Thumb, 0 bytes, Stack size 0 bytes, startup_sn32f400.o(.text))
<BR>[Address Reference Count : 1]<UL><LI> startup_sn32f400.o(RESET)
</UL>
<P><STRONG><a name="[19]"></a>LVD_IRQHandler</STRONG> (Thumb, 0 bytes, Stack size 0 bytes, startup_sn32f400.o(.text))
<BR>[Address Reference Count : 1]<UL><LI> startup_sn32f400.o(RESET)
</UL>
<P><STRONG><a name="[6]"></a>NDT_IRQHandler</STRONG> (Thumb, 0 bytes, Stack size 0 bytes, startup_sn32f400.o(.text))
<BR>[Address Reference Count : 1]<UL><LI> startup_sn32f400.o(RESET)
</UL>
<P><STRONG><a name="[1e]"></a>P0_IRQHandler</STRONG> (Thumb, 0 bytes, Stack size 0 bytes, startup_sn32f400.o(.text))
<BR>[Address Reference Count : 1]<UL><LI> startup_sn32f400.o(RESET)
</UL>
<P><STRONG><a name="[1d]"></a>P1_IRQHandler</STRONG> (Thumb, 0 bytes, Stack size 0 bytes, startup_sn32f400.o(.text))
<BR>[Address Reference Count : 1]<UL><LI> startup_sn32f400.o(RESET)
</UL>
<P><STRONG><a name="[1c]"></a>P2_IRQHandler</STRONG> (Thumb, 0 bytes, Stack size 0 bytes, startup_sn32f400.o(.text))
<BR>[Address Reference Count : 1]<UL><LI> startup_sn32f400.o(RESET)
</UL>
<P><STRONG><a name="[1b]"></a>P3_IRQHandler</STRONG> (Thumb, 0 bytes, Stack size 0 bytes, startup_sn32f400.o(.text))
<BR>[Address Reference Count : 1]<UL><LI> startup_sn32f400.o(RESET)
</UL>
<P><STRONG><a name="[9]"></a>SPI0_IRQHandler</STRONG> (Thumb, 0 bytes, Stack size 0 bytes, startup_sn32f400.o(.text))
<BR>[Address Reference Count : 1]<UL><LI> startup_sn32f400.o(RESET)
</UL>
<P><STRONG><a name="[10]"></a>SQRT_IRQHandler</STRONG> (Thumb, 0 bytes, Stack size 0 bytes, startup_sn32f400.o(.text))
<BR>[Address Reference Count : 1]<UL><LI> startup_sn32f400.o(RESET)
</UL>
<P><STRONG><a name="[c]"></a>UART0_IRQHandler</STRONG> (Thumb, 0 bytes, Stack size 0 bytes, startup_sn32f400.o(.text))
<BR>[Address Reference Count : 1]<UL><LI> startup_sn32f400.o(RESET)
</UL>
<P><STRONG><a name="[d]"></a>UART1_IRQHandler</STRONG> (Thumb, 0 bytes, Stack size 0 bytes, startup_sn32f400.o(.text))
<BR>[Address Reference Count : 1]<UL><LI> startup_sn32f400.o(RESET)
</UL>
<P><STRONG><a name="[18]"></a>WDT_IRQHandler</STRONG> (Thumb, 0 bytes, Stack size 0 bytes, startup_sn32f400.o(.text))
<BR>[Address Reference Count : 1]<UL><LI> startup_sn32f400.o(RESET)
</UL>
<P><STRONG><a name="[30]"></a>__user_initial_stackheap</STRONG> (Thumb, 0 bytes, Stack size unknown bytes, startup_sn32f400.o(.text))
<BR><BR>[Called By]<UL><LI><a href="#[25]">&gt;&gt;</a>&nbsp;&nbsp;&nbsp;__user_setup_stackheap
</UL>

<P><STRONG><a name="[57]"></a>__aeabi_uidiv</STRONG> (Thumb, 0 bytes, Stack size 0 bytes, aeabi_sdiv.o(.text))
<BR><BR>[Called By]<UL><LI><a href="#[48]">&gt;&gt;</a>&nbsp;&nbsp;&nbsp;Display_ShowTime
</UL>

<P><STRONG><a name="[34]"></a>__aeabi_uidivmod</STRONG> (Thumb, 20 bytes, Stack size 0 bytes, aeabi_sdiv.o(.text))
<BR><BR>[Called By]<UL><LI><a href="#[55]">&gt;&gt;</a>&nbsp;&nbsp;&nbsp;Display_Scan1ms
<LI><a href="#[48]">&gt;&gt;</a>&nbsp;&nbsp;&nbsp;Display_ShowTime
<LI><a href="#[35]">&gt;&gt;</a>&nbsp;&nbsp;&nbsp;AdjustMinute
<LI><a href="#[33]">&gt;&gt;</a>&nbsp;&nbsp;&nbsp;AdjustHour
</UL>

<P><STRONG><a name="[93]"></a>__aeabi_idiv</STRONG> (Thumb, 0 bytes, Stack size 8 bytes, aeabi_sdiv.o(.text), UNUSED)

<P><STRONG><a name="[94]"></a>__aeabi_idivmod</STRONG> (Thumb, 338 bytes, Stack size 8 bytes, aeabi_sdiv.o(.text), UNUSED)

<P><STRONG><a name="[95]"></a>__use_two_region_memory</STRONG> (Thumb, 2 bytes, Stack size 0 bytes, heapauxi.o(.text), UNUSED)

<P><STRONG><a name="[96]"></a>__rt_heap_escrow$2region</STRONG> (Thumb, 2 bytes, Stack size 0 bytes, heapauxi.o(.text), UNUSED)

<P><STRONG><a name="[97]"></a>__rt_heap_expand$2region</STRONG> (Thumb, 2 bytes, Stack size 0 bytes, heapauxi.o(.text), UNUSED)

<P><STRONG><a name="[25]"></a>__user_setup_stackheap</STRONG> (Thumb, 62 bytes, Stack size 8 bytes, sys_stackheap_outer.o(.text))
<BR><BR>[Stack]<UL><LI>Max Depth = 8 + Unknown Stack Size
<LI>Call Chain = __user_setup_stackheap
</UL>
<BR>[Calls]<UL><LI><a href="#[2f]">&gt;&gt;</a>&nbsp;&nbsp;&nbsp;__user_perproc_libspace
<LI><a href="#[30]">&gt;&gt;</a>&nbsp;&nbsp;&nbsp;__user_initial_stackheap
</UL>
<BR>[Called By]<UL><LI><a href="#[24]">&gt;&gt;</a>&nbsp;&nbsp;&nbsp;__rt_entry_sh
</UL>

<P><STRONG><a name="[2a]"></a>exit</STRONG> (Thumb, 16 bytes, Stack size 8 bytes, exit.o(.text))
<BR><BR>[Stack]<UL><LI>Max Depth = 8 + Unknown Stack Size
<LI>Call Chain = exit
</UL>
<BR>[Calls]<UL><LI><a href="#[32]">&gt;&gt;</a>&nbsp;&nbsp;&nbsp;__rt_exit
<LI><a href="#[31]">&gt;&gt;</a>&nbsp;&nbsp;&nbsp;_call_atexit_fns (Weak Reference)
</UL>
<BR>[Called By]<UL><LI><a href="#[28]">&gt;&gt;</a>&nbsp;&nbsp;&nbsp;__rt_entry_main
</UL>

<P><STRONG><a name="[98]"></a>__user_libspace</STRONG> (Thumb, 8 bytes, Stack size 0 bytes, libspace.o(.text), UNUSED)

<P><STRONG><a name="[2f]"></a>__user_perproc_libspace</STRONG> (Thumb, 0 bytes, Stack size 0 bytes, libspace.o(.text))
<BR><BR>[Called By]<UL><LI><a href="#[25]">&gt;&gt;</a>&nbsp;&nbsp;&nbsp;__user_setup_stackheap
</UL>

<P><STRONG><a name="[99]"></a>__user_perthread_libspace</STRONG> (Thumb, 0 bytes, Stack size 0 bytes, libspace.o(.text), UNUSED)

<P><STRONG><a name="[2e]"></a>_sys_exit</STRONG> (Thumb, 8 bytes, Stack size 0 bytes, sys_exit.o(.text))
<BR><BR>[Called By]<UL><LI><a href="#[2d]">&gt;&gt;</a>&nbsp;&nbsp;&nbsp;__rt_exit_exit
</UL>

<P><STRONG><a name="[9a]"></a>__I$use$semihosting</STRONG> (Thumb, 0 bytes, Stack size 0 bytes, use_no_semi.o(.text), UNUSED)

<P><STRONG><a name="[9b]"></a>__use_no_semihosting_swi</STRONG> (Thumb, 2 bytes, Stack size 0 bytes, use_no_semi.o(.text), UNUSED)

<P><STRONG><a name="[9c]"></a>__semihosting_library_function</STRONG> (Thumb, 0 bytes, Stack size 24 bytes, indicate_semi.o(.text), UNUSED)

<P><STRONG><a name="[36]"></a>App_HandleKeys</STRONG> (Thumb, 540 bytes, Stack size 72 bytes, app.o(.text.App_HandleKeys))
<BR><BR>[Stack]<UL><LI>Max Depth = 192<LI>Call Chain = App_HandleKeys &rArr; ExitToNormal &rArr; App_SaveAlarm &rArr; EEPROM_WriteByte &rArr; Flash_ProgramPage
</UL>
<BR>[Calls]<UL><LI><a href="#[39]">&gt;&gt;</a>&nbsp;&nbsp;&nbsp;Buzzer_Pip300ms
<LI><a href="#[38]">&gt;&gt;</a>&nbsp;&nbsp;&nbsp;Buzzer_AlarmStop
<LI><a href="#[37]">&gt;&gt;</a>&nbsp;&nbsp;&nbsp;Buzzer_IsAlarmRinging
<LI><a href="#[35]">&gt;&gt;</a>&nbsp;&nbsp;&nbsp;AdjustMinute
<LI><a href="#[33]">&gt;&gt;</a>&nbsp;&nbsp;&nbsp;AdjustHour
<LI><a href="#[3b]">&gt;&gt;</a>&nbsp;&nbsp;&nbsp;ExitToNormal
<LI><a href="#[3a]">&gt;&gt;</a>&nbsp;&nbsp;&nbsp;InEditMode
</UL>
<BR>[Called By]<UL><LI><a href="#[29]">&gt;&gt;</a>&nbsp;&nbsp;&nbsp;main
</UL>

<P><STRONG><a name="[3c]"></a>App_Init</STRONG> (Thumb, 56 bytes, Stack size 16 bytes, app.o(.text.App_Init))
<BR><BR>[Stack]<UL><LI>Max Depth = 100<LI>Call Chain = App_Init &rArr; LedD6_Set &rArr; gpio_write &rArr; gpio_set &rArr; gpio_BSET
</UL>
<BR>[Calls]<UL><LI><a href="#[3f]">&gt;&gt;</a>&nbsp;&nbsp;&nbsp;LedD6_Set
<LI><a href="#[3e]">&gt;&gt;</a>&nbsp;&nbsp;&nbsp;Display_SetBlinkOn
<LI><a href="#[40]">&gt;&gt;</a>&nbsp;&nbsp;&nbsp;App_UpdateDisplay
<LI><a href="#[3d]">&gt;&gt;</a>&nbsp;&nbsp;&nbsp;App_LoadAlarm
</UL>
<BR>[Called By]<UL><LI><a href="#[29]">&gt;&gt;</a>&nbsp;&nbsp;&nbsp;main
</UL>

<P><STRONG><a name="[42]"></a>App_OnRtcSecond</STRONG> (Thumb, 8 bytes, Stack size 8 bytes, app.o(.text.App_OnRtcSecond))
<BR><BR>[Stack]<UL><LI>Max Depth = 16<LI>Call Chain = App_OnRtcSecond &rArr; Clock_Increment1Second
</UL>
<BR>[Calls]<UL><LI><a href="#[43]">&gt;&gt;</a>&nbsp;&nbsp;&nbsp;Clock_Increment1Second
</UL>
<BR>[Called By]<UL><LI><a href="#[29]">&gt;&gt;</a>&nbsp;&nbsp;&nbsp;main
</UL>

<P><STRONG><a name="[46]"></a>App_Task1ms</STRONG> (Thumb, 128 bytes, Stack size 8 bytes, app.o(.text.App_Task1ms))
<BR><BR>[Stack]<UL><LI>Max Depth = 128<LI>Call Chain = App_Task1ms &rArr; ExitToNormal &rArr; App_SaveAlarm &rArr; EEPROM_WriteByte &rArr; Flash_ProgramPage
</UL>
<BR>[Calls]<UL><LI><a href="#[39]">&gt;&gt;</a>&nbsp;&nbsp;&nbsp;Buzzer_Pip300ms
<LI><a href="#[3f]">&gt;&gt;</a>&nbsp;&nbsp;&nbsp;LedD6_Set
<LI><a href="#[3e]">&gt;&gt;</a>&nbsp;&nbsp;&nbsp;Display_SetBlinkOn
<LI><a href="#[47]">&gt;&gt;</a>&nbsp;&nbsp;&nbsp;InAlarmEditMode
<LI><a href="#[3b]">&gt;&gt;</a>&nbsp;&nbsp;&nbsp;ExitToNormal
<LI><a href="#[3a]">&gt;&gt;</a>&nbsp;&nbsp;&nbsp;InEditMode
<LI><a href="#[40]">&gt;&gt;</a>&nbsp;&nbsp;&nbsp;App_UpdateDisplay
</UL>
<BR>[Called By]<UL><LI><a href="#[29]">&gt;&gt;</a>&nbsp;&nbsp;&nbsp;main
</UL>

<P><STRONG><a name="[49]"></a>Board_GPIO_Init</STRONG> (Thumb, 548 bytes, Stack size 152 bytes, board.o(.text.Board_GPIO_Init))
<BR><BR>[Stack]<UL><LI>Max Depth = 196<LI>Call Chain = Board_GPIO_Init &rArr; gpio_cfg &rArr; gpio_CFG
</UL>
<BR>[Calls]<UL><LI><a href="#[4e]">&gt;&gt;</a>&nbsp;&nbsp;&nbsp;gpio_input
<LI><a href="#[4d]">&gt;&gt;</a>&nbsp;&nbsp;&nbsp;gpio_set
<LI><a href="#[4c]">&gt;&gt;</a>&nbsp;&nbsp;&nbsp;gpio_output
<LI><a href="#[4b]">&gt;&gt;</a>&nbsp;&nbsp;&nbsp;gpio_clr
<LI><a href="#[4a]">&gt;&gt;</a>&nbsp;&nbsp;&nbsp;gpio_cfg
</UL>
<BR>[Called By]<UL><LI><a href="#[29]">&gt;&gt;</a>&nbsp;&nbsp;&nbsp;main
</UL>

<P><STRONG><a name="[53]"></a>Buzzer_AlarmStart5s</STRONG> (Thumb, 24 bytes, Stack size 0 bytes, buzzer_led.o(.text.Buzzer_AlarmStart5s))
<BR><BR>[Called By]<UL><LI><a href="#[43]">&gt;&gt;</a>&nbsp;&nbsp;&nbsp;Clock_Increment1Second
</UL>

<P><STRONG><a name="[38]"></a>Buzzer_AlarmStop</STRONG> (Thumb, 24 bytes, Stack size 8 bytes, buzzer_led.o(.text.Buzzer_AlarmStop))
<BR><BR>[Stack]<UL><LI>Max Depth = 48<LI>Call Chain = Buzzer_AlarmStop &rArr; Buzzer_Set &rArr; Buzzer_SetReload
</UL>
<BR>[Calls]<UL><LI><a href="#[4f]">&gt;&gt;</a>&nbsp;&nbsp;&nbsp;Buzzer_Set
</UL>
<BR>[Called By]<UL><LI><a href="#[36]">&gt;&gt;</a>&nbsp;&nbsp;&nbsp;App_HandleKeys
</UL>

<P><STRONG><a name="[37]"></a>Buzzer_IsAlarmRinging</STRONG> (Thumb, 12 bytes, Stack size 0 bytes, buzzer_led.o(.text.Buzzer_IsAlarmRinging))
<BR><BR>[Called By]<UL><LI><a href="#[36]">&gt;&gt;</a>&nbsp;&nbsp;&nbsp;App_HandleKeys
</UL>

<P><STRONG><a name="[39]"></a>Buzzer_Pip300ms</STRONG> (Thumb, 24 bytes, Stack size 0 bytes, buzzer_led.o(.text.Buzzer_Pip300ms))
<BR><BR>[Called By]<UL><LI><a href="#[46]">&gt;&gt;</a>&nbsp;&nbsp;&nbsp;App_Task1ms
<LI><a href="#[36]">&gt;&gt;</a>&nbsp;&nbsp;&nbsp;App_HandleKeys
</UL>

<P><STRONG><a name="[4f]"></a>Buzzer_Set</STRONG> (Thumb, 40 bytes, Stack size 24 bytes, buzzer_led.o(.text.Buzzer_Set))
<BR><BR>[Stack]<UL><LI>Max Depth = 40<LI>Call Chain = Buzzer_Set &rArr; Buzzer_SetReload
</UL>
<BR>[Calls]<UL><LI><a href="#[50]">&gt;&gt;</a>&nbsp;&nbsp;&nbsp;Buzzer_SetReload
</UL>
<BR>[Called By]<UL><LI><a href="#[52]">&gt;&gt;</a>&nbsp;&nbsp;&nbsp;Buzzer_Task1ms
<LI><a href="#[38]">&gt;&gt;</a>&nbsp;&nbsp;&nbsp;Buzzer_AlarmStop
</UL>

<P><STRONG><a name="[52]"></a>Buzzer_Task1ms</STRONG> (Thumb, 184 bytes, Stack size 24 bytes, buzzer_led.o(.text.Buzzer_Task1ms))
<BR><BR>[Stack]<UL><LI>Max Depth = 64<LI>Call Chain = Buzzer_Task1ms &rArr; Buzzer_Set &rArr; Buzzer_SetReload
</UL>
<BR>[Calls]<UL><LI><a href="#[4f]">&gt;&gt;</a>&nbsp;&nbsp;&nbsp;Buzzer_Set
<LI><a href="#[50]">&gt;&gt;</a>&nbsp;&nbsp;&nbsp;Buzzer_SetReload
</UL>
<BR>[Called By]<UL><LI><a href="#[5]">&gt;&gt;</a>&nbsp;&nbsp;&nbsp;SysTick_Handler
</UL>

<P><STRONG><a name="[6b]"></a>Clock_Init_48MHz_IHRC</STRONG> (Thumb, 48 bytes, Stack size 0 bytes, clock.o(.text.Clock_Init_48MHz_IHRC))
<BR><BR>[Called By]<UL><LI><a href="#[29]">&gt;&gt;</a>&nbsp;&nbsp;&nbsp;main
</UL>

<P><STRONG><a name="[55]"></a>Display_Scan1ms</STRONG> (Thumb, 184 bytes, Stack size 32 bytes, display7seg.o(.text.Display_Scan1ms))
<BR><BR>[Stack]<UL><LI>Max Depth = 124<LI>Call Chain = Display_Scan1ms &rArr; Display_WriteSegments &rArr; gpio_write &rArr; gpio_set &rArr; gpio_BSET
</UL>
<BR>[Calls]<UL><LI><a href="#[34]">&gt;&gt;</a>&nbsp;&nbsp;&nbsp;__aeabi_uidivmod
<LI><a href="#[56]">&gt;&gt;</a>&nbsp;&nbsp;&nbsp;Display_WriteSegments
<LI><a href="#[54]">&gt;&gt;</a>&nbsp;&nbsp;&nbsp;Display_AllComOff
<LI><a href="#[4d]">&gt;&gt;</a>&nbsp;&nbsp;&nbsp;gpio_set
</UL>
<BR>[Called By]<UL><LI><a href="#[5]">&gt;&gt;</a>&nbsp;&nbsp;&nbsp;SysTick_Handler
</UL>

<P><STRONG><a name="[3e]"></a>Display_SetBlinkOn</STRONG> (Thumb, 24 bytes, Stack size 4 bytes, display7seg.o(.text.Display_SetBlinkOn))
<BR><BR>[Stack]<UL><LI>Max Depth = 4<LI>Call Chain = Display_SetBlinkOn
</UL>
<BR>[Called By]<UL><LI><a href="#[46]">&gt;&gt;</a>&nbsp;&nbsp;&nbsp;App_Task1ms
<LI><a href="#[3c]">&gt;&gt;</a>&nbsp;&nbsp;&nbsp;App_Init
</UL>

<P><STRONG><a name="[48]"></a>Display_ShowTime</STRONG> (Thumb, 104 bytes, Stack size 40 bytes, display7seg.o(.text.Display_ShowTime))
<BR><BR>[Stack]<UL><LI>Max Depth = 40<LI>Call Chain = Display_ShowTime
</UL>
<BR>[Calls]<UL><LI><a href="#[34]">&gt;&gt;</a>&nbsp;&nbsp;&nbsp;__aeabi_uidivmod
<LI><a href="#[57]">&gt;&gt;</a>&nbsp;&nbsp;&nbsp;__aeabi_uidiv
</UL>
<BR>[Called By]<UL><LI><a href="#[40]">&gt;&gt;</a>&nbsp;&nbsp;&nbsp;App_UpdateDisplay
</UL>

<P><STRONG><a name="[41]"></a>EEPROM_ReadByte</STRONG> (Thumb, 58 bytes, Stack size 16 bytes, eeprom.o(.text.EEPROM_ReadByte))
<BR><BR>[Stack]<UL><LI>Max Depth = 16<LI>Call Chain = EEPROM_ReadByte
</UL>
<BR>[Called By]<UL><LI><a href="#[3d]">&gt;&gt;</a>&nbsp;&nbsp;&nbsp;App_LoadAlarm
</UL>

<P><STRONG><a name="[45]"></a>EEPROM_WriteByte</STRONG> (Thumb, 108 bytes, Stack size 40 bytes, eeprom.o(.text.EEPROM_WriteByte))
<BR><BR>[Stack]<UL><LI>Max Depth = 72<LI>Call Chain = EEPROM_WriteByte &rArr; Flash_ProgramPage
</UL>
<BR>[Calls]<UL><LI><a href="#[5a]">&gt;&gt;</a>&nbsp;&nbsp;&nbsp;Flash_ProgramPage
<LI><a href="#[59]">&gt;&gt;</a>&nbsp;&nbsp;&nbsp;Flash_ErasePage
</UL>
<BR>[Called By]<UL><LI><a href="#[44]">&gt;&gt;</a>&nbsp;&nbsp;&nbsp;App_SaveAlarm
</UL>

<P><STRONG><a name="[61]"></a>Keypad_Task10ms</STRONG> (Thumb, 128 bytes, Stack size 24 bytes, keypad.o(.text.Keypad_Task10ms))
<BR><BR>[Stack]<UL><LI>Max Depth = 124<LI>Call Chain = Keypad_Task10ms &rArr; Keypad_ReadRaw &rArr; Row_ReleaseAll &rArr; gpio_cfg &rArr; gpio_CFG
</UL>
<BR>[Calls]<UL><LI><a href="#[5c]">&gt;&gt;</a>&nbsp;&nbsp;&nbsp;Keypad_ReadRaw
</UL>
<BR>[Called By]<UL><LI><a href="#[29]">&gt;&gt;</a>&nbsp;&nbsp;&nbsp;main
</UL>

<P><STRONG><a name="[3f]"></a>LedD6_Set</STRONG> (Thumb, 40 bytes, Stack size 16 bytes, buzzer_led.o(.text.LedD6_Set))
<BR><BR>[Stack]<UL><LI>Max Depth = 84<LI>Call Chain = LedD6_Set &rArr; gpio_write &rArr; gpio_set &rArr; gpio_BSET
</UL>
<BR>[Calls]<UL><LI><a href="#[58]">&gt;&gt;</a>&nbsp;&nbsp;&nbsp;gpio_write
</UL>
<BR>[Called By]<UL><LI><a href="#[46]">&gt;&gt;</a>&nbsp;&nbsp;&nbsp;App_Task1ms
<LI><a href="#[3c]">&gt;&gt;</a>&nbsp;&nbsp;&nbsp;App_Init
<LI><a href="#[3b]">&gt;&gt;</a>&nbsp;&nbsp;&nbsp;ExitToNormal
</UL>

<P><STRONG><a name="[6d]"></a>RTC_ConsumeSecondFlag</STRONG> (Thumb, 44 bytes, Stack size 4 bytes, rtc.o(.text.RTC_ConsumeSecondFlag))
<BR><BR>[Stack]<UL><LI>Max Depth = 4<LI>Call Chain = RTC_ConsumeSecondFlag
</UL>
<BR>[Called By]<UL><LI><a href="#[29]">&gt;&gt;</a>&nbsp;&nbsp;&nbsp;main
</UL>

<P><STRONG><a name="[16]"></a>RTC_IRQHandler</STRONG> (Thumb, 2 bytes, Stack size 0 bytes, rtc.o(.text.RTC_IRQHandler))
<BR>[Address Reference Count : 1]<UL><LI> startup_sn32f400.o(RESET)
</UL>
<P><STRONG><a name="[6c]"></a>RTC_Init_1Hz_ELS</STRONG> (Thumb, 12 bytes, Stack size 0 bytes, rtc.o(.text.RTC_Init_1Hz_ELS))
<BR><BR>[Called By]<UL><LI><a href="#[29]">&gt;&gt;</a>&nbsp;&nbsp;&nbsp;main
</UL>

<P><STRONG><a name="[64]"></a>RTC_Tick1ms</STRONG> (Thumb, 36 bytes, Stack size 0 bytes, rtc.o(.text.RTC_Tick1ms))
<BR><BR>[Called By]<UL><LI><a href="#[5]">&gt;&gt;</a>&nbsp;&nbsp;&nbsp;SysTick_Handler
</UL>

<P><STRONG><a name="[5]"></a>SysTick_Handler</STRONG> (Thumb, 60 bytes, Stack size 16 bytes, systick.o(.text.SysTick_Handler))
<BR><BR>[Stack]<UL><LI>Max Depth = 140<LI>Call Chain = SysTick_Handler &rArr; Display_Scan1ms &rArr; Display_WriteSegments &rArr; gpio_write &rArr; gpio_set &rArr; gpio_BSET
</UL>
<BR>[Calls]<UL><LI><a href="#[64]">&gt;&gt;</a>&nbsp;&nbsp;&nbsp;RTC_Tick1ms
<LI><a href="#[55]">&gt;&gt;</a>&nbsp;&nbsp;&nbsp;Display_Scan1ms
<LI><a href="#[52]">&gt;&gt;</a>&nbsp;&nbsp;&nbsp;Buzzer_Task1ms
</UL>
<BR>[Address Reference Count : 1]<UL><LI> startup_sn32f400.o(RESET)
</UL>
<P><STRONG><a name="[65]"></a>SysTick_Init1ms</STRONG> (Thumb, 12 bytes, Stack size 8 bytes, systick.o(.text.SysTick_Init1ms))
<BR><BR>[Stack]<UL><LI>Max Depth = 56<LI>Call Chain = SysTick_Init1ms &rArr; SysTick_Config &rArr; __NVIC_SetPriority
</UL>
<BR>[Calls]<UL><LI><a href="#[62]">&gt;&gt;</a>&nbsp;&nbsp;&nbsp;SysTick_Config
</UL>
<BR>[Called By]<UL><LI><a href="#[29]">&gt;&gt;</a>&nbsp;&nbsp;&nbsp;main
</UL>

<P><STRONG><a name="[4a]"></a>gpio_cfg</STRONG> (Thumb, 58 bytes, Stack size 32 bytes, gpio.o(.text.gpio_cfg))
<BR><BR>[Stack]<UL><LI>Max Depth = 44<LI>Call Chain = gpio_cfg &rArr; gpio_CFG
</UL>
<BR>[Calls]<UL><LI><a href="#[66]">&gt;&gt;</a>&nbsp;&nbsp;&nbsp;gpio_CFG
</UL>
<BR>[Called By]<UL><LI><a href="#[5d]">&gt;&gt;</a>&nbsp;&nbsp;&nbsp;Row_ReleaseAll
<LI><a href="#[49]">&gt;&gt;</a>&nbsp;&nbsp;&nbsp;Board_GPIO_Init
</UL>

<P><STRONG><a name="[4b]"></a>gpio_clr</STRONG> (Thumb, 36 bytes, Stack size 24 bytes, gpio.o(.text.gpio_clr))
<BR><BR>[Stack]<UL><LI>Max Depth = 36<LI>Call Chain = gpio_clr &rArr; gpio_BCLR
</UL>
<BR>[Calls]<UL><LI><a href="#[67]">&gt;&gt;</a>&nbsp;&nbsp;&nbsp;gpio_BCLR
</UL>
<BR>[Called By]<UL><LI><a href="#[5e]">&gt;&gt;</a>&nbsp;&nbsp;&nbsp;Row_DriveLow
<LI><a href="#[54]">&gt;&gt;</a>&nbsp;&nbsp;&nbsp;Display_AllComOff
<LI><a href="#[58]">&gt;&gt;</a>&nbsp;&nbsp;&nbsp;gpio_write
<LI><a href="#[49]">&gt;&gt;</a>&nbsp;&nbsp;&nbsp;Board_GPIO_Init
</UL>

<P><STRONG><a name="[4e]"></a>gpio_input</STRONG> (Thumb, 40 bytes, Stack size 24 bytes, gpio.o(.text.gpio_input))
<BR><BR>[Stack]<UL><LI>Max Depth = 36<LI>Call Chain = gpio_input &rArr; gpio_MODE
</UL>
<BR>[Calls]<UL><LI><a href="#[68]">&gt;&gt;</a>&nbsp;&nbsp;&nbsp;gpio_MODE
</UL>
<BR>[Called By]<UL><LI><a href="#[5d]">&gt;&gt;</a>&nbsp;&nbsp;&nbsp;Row_ReleaseAll
<LI><a href="#[49]">&gt;&gt;</a>&nbsp;&nbsp;&nbsp;Board_GPIO_Init
</UL>

<P><STRONG><a name="[4c]"></a>gpio_output</STRONG> (Thumb, 40 bytes, Stack size 24 bytes, gpio.o(.text.gpio_output))
<BR><BR>[Stack]<UL><LI>Max Depth = 36<LI>Call Chain = gpio_output &rArr; gpio_MODE
</UL>
<BR>[Calls]<UL><LI><a href="#[68]">&gt;&gt;</a>&nbsp;&nbsp;&nbsp;gpio_MODE
</UL>
<BR>[Called By]<UL><LI><a href="#[5e]">&gt;&gt;</a>&nbsp;&nbsp;&nbsp;Row_DriveLow
<LI><a href="#[49]">&gt;&gt;</a>&nbsp;&nbsp;&nbsp;Board_GPIO_Init
</UL>

<P><STRONG><a name="[60]"></a>gpio_read</STRONG> (Thumb, 36 bytes, Stack size 24 bytes, gpio.o(.text.gpio_read))
<BR><BR>[Stack]<UL><LI>Max Depth = 36<LI>Call Chain = gpio_read &rArr; gpio_DATA
</UL>
<BR>[Calls]<UL><LI><a href="#[69]">&gt;&gt;</a>&nbsp;&nbsp;&nbsp;gpio_DATA
</UL>
<BR>[Called By]<UL><LI><a href="#[5c]">&gt;&gt;</a>&nbsp;&nbsp;&nbsp;Keypad_ReadRaw
</UL>

<P><STRONG><a name="[4d]"></a>gpio_set</STRONG> (Thumb, 36 bytes, Stack size 24 bytes, gpio.o(.text.gpio_set))
<BR><BR>[Stack]<UL><LI>Max Depth = 36<LI>Call Chain = gpio_set &rArr; gpio_BSET
</UL>
<BR>[Calls]<UL><LI><a href="#[6a]">&gt;&gt;</a>&nbsp;&nbsp;&nbsp;gpio_BSET
</UL>
<BR>[Called By]<UL><LI><a href="#[55]">&gt;&gt;</a>&nbsp;&nbsp;&nbsp;Display_Scan1ms
<LI><a href="#[58]">&gt;&gt;</a>&nbsp;&nbsp;&nbsp;gpio_write
<LI><a href="#[49]">&gt;&gt;</a>&nbsp;&nbsp;&nbsp;Board_GPIO_Init
</UL>

<P><STRONG><a name="[58]"></a>gpio_write</STRONG> (Thumb, 58 bytes, Stack size 32 bytes, gpio.o(.text.gpio_write))
<BR><BR>[Stack]<UL><LI>Max Depth = 68<LI>Call Chain = gpio_write &rArr; gpio_set &rArr; gpio_BSET
</UL>
<BR>[Calls]<UL><LI><a href="#[4d]">&gt;&gt;</a>&nbsp;&nbsp;&nbsp;gpio_set
<LI><a href="#[4b]">&gt;&gt;</a>&nbsp;&nbsp;&nbsp;gpio_clr
</UL>
<BR>[Called By]<UL><LI><a href="#[56]">&gt;&gt;</a>&nbsp;&nbsp;&nbsp;Display_WriteSegments
<LI><a href="#[3f]">&gt;&gt;</a>&nbsp;&nbsp;&nbsp;LedD6_Set
</UL>

<P><STRONG><a name="[29]"></a>main</STRONG> (Thumb, 108 bytes, Stack size 24 bytes, main.o(.text.main))
<BR><BR>[Stack]<UL><LI>Max Depth = 220<LI>Call Chain = main &rArr; Board_GPIO_Init &rArr; gpio_cfg &rArr; gpio_CFG
</UL>
<BR>[Calls]<UL><LI><a href="#[6d]">&gt;&gt;</a>&nbsp;&nbsp;&nbsp;RTC_ConsumeSecondFlag
<LI><a href="#[6c]">&gt;&gt;</a>&nbsp;&nbsp;&nbsp;RTC_Init_1Hz_ELS
<LI><a href="#[65]">&gt;&gt;</a>&nbsp;&nbsp;&nbsp;SysTick_Init1ms
<LI><a href="#[61]">&gt;&gt;</a>&nbsp;&nbsp;&nbsp;Keypad_Task10ms
<LI><a href="#[6b]">&gt;&gt;</a>&nbsp;&nbsp;&nbsp;Clock_Init_48MHz_IHRC
<LI><a href="#[49]">&gt;&gt;</a>&nbsp;&nbsp;&nbsp;Board_GPIO_Init
<LI><a href="#[42]">&gt;&gt;</a>&nbsp;&nbsp;&nbsp;App_OnRtcSecond
<LI><a href="#[46]">&gt;&gt;</a>&nbsp;&nbsp;&nbsp;App_Task1ms
<LI><a href="#[36]">&gt;&gt;</a>&nbsp;&nbsp;&nbsp;App_HandleKeys
<LI><a href="#[3c]">&gt;&gt;</a>&nbsp;&nbsp;&nbsp;App_Init
</UL>
<BR>[Called By]<UL><LI><a href="#[28]">&gt;&gt;</a>&nbsp;&nbsp;&nbsp;__rt_entry_main
</UL>
<P>
<H3>
Local Symbols
</H3>
<P><STRONG><a name="[3d]"></a>App_LoadAlarm</STRONG> (Thumb, 148 bytes, Stack size 24 bytes, app.o(.text.App_LoadAlarm))
<BR><BR>[Stack]<UL><LI>Max Depth = 40<LI>Call Chain = App_LoadAlarm &rArr; EEPROM_ReadByte
</UL>
<BR>[Calls]<UL><LI><a href="#[41]">&gt;&gt;</a>&nbsp;&nbsp;&nbsp;EEPROM_ReadByte
</UL>
<BR>[Called By]<UL><LI><a href="#[3c]">&gt;&gt;</a>&nbsp;&nbsp;&nbsp;App_Init
</UL>

<P><STRONG><a name="[40]"></a>App_UpdateDisplay</STRONG> (Thumb, 220 bytes, Stack size 24 bytes, app.o(.text.App_UpdateDisplay))
<BR><BR>[Stack]<UL><LI>Max Depth = 64<LI>Call Chain = App_UpdateDisplay &rArr; Display_ShowTime
</UL>
<BR>[Calls]<UL><LI><a href="#[48]">&gt;&gt;</a>&nbsp;&nbsp;&nbsp;Display_ShowTime
</UL>
<BR>[Called By]<UL><LI><a href="#[46]">&gt;&gt;</a>&nbsp;&nbsp;&nbsp;App_Task1ms
<LI><a href="#[3c]">&gt;&gt;</a>&nbsp;&nbsp;&nbsp;App_Init
</UL>

<P><STRONG><a name="[3a]"></a>InEditMode</STRONG> (Thumb, 12 bytes, Stack size 0 bytes, app.o(.text.InEditMode))
<BR><BR>[Called By]<UL><LI><a href="#[46]">&gt;&gt;</a>&nbsp;&nbsp;&nbsp;App_Task1ms
<LI><a href="#[36]">&gt;&gt;</a>&nbsp;&nbsp;&nbsp;App_HandleKeys
</UL>

<P><STRONG><a name="[3b]"></a>ExitToNormal</STRONG> (Thumb, 36 bytes, Stack size 8 bytes, app.o(.text.ExitToNormal))
<BR><BR>[Stack]<UL><LI>Max Depth = 120<LI>Call Chain = ExitToNormal &rArr; App_SaveAlarm &rArr; EEPROM_WriteByte &rArr; Flash_ProgramPage
</UL>
<BR>[Calls]<UL><LI><a href="#[3f]">&gt;&gt;</a>&nbsp;&nbsp;&nbsp;LedD6_Set
<LI><a href="#[44]">&gt;&gt;</a>&nbsp;&nbsp;&nbsp;App_SaveAlarm
</UL>
<BR>[Called By]<UL><LI><a href="#[46]">&gt;&gt;</a>&nbsp;&nbsp;&nbsp;App_Task1ms
<LI><a href="#[36]">&gt;&gt;</a>&nbsp;&nbsp;&nbsp;App_HandleKeys
</UL>

<P><STRONG><a name="[33]"></a>AdjustHour</STRONG> (Thumb, 80 bytes, Stack size 24 bytes, app.o(.text.AdjustHour))
<BR><BR>[Stack]<UL><LI>Max Depth = 24<LI>Call Chain = AdjustHour
</UL>
<BR>[Calls]<UL><LI><a href="#[34]">&gt;&gt;</a>&nbsp;&nbsp;&nbsp;__aeabi_uidivmod
</UL>
<BR>[Called By]<UL><LI><a href="#[36]">&gt;&gt;</a>&nbsp;&nbsp;&nbsp;App_HandleKeys
</UL>

<P><STRONG><a name="[35]"></a>AdjustMinute</STRONG> (Thumb, 80 bytes, Stack size 24 bytes, app.o(.text.AdjustMinute))
<BR><BR>[Stack]<UL><LI>Max Depth = 24<LI>Call Chain = AdjustMinute
</UL>
<BR>[Calls]<UL><LI><a href="#[34]">&gt;&gt;</a>&nbsp;&nbsp;&nbsp;__aeabi_uidivmod
</UL>
<BR>[Called By]<UL><LI><a href="#[36]">&gt;&gt;</a>&nbsp;&nbsp;&nbsp;App_HandleKeys
</UL>

<P><STRONG><a name="[44]"></a>App_SaveAlarm</STRONG> (Thumb, 88 bytes, Stack size 40 bytes, app.o(.text.App_SaveAlarm))
<BR><BR>[Stack]<UL><LI>Max Depth = 112<LI>Call Chain = App_SaveAlarm &rArr; EEPROM_WriteByte &rArr; Flash_ProgramPage
</UL>
<BR>[Calls]<UL><LI><a href="#[45]">&gt;&gt;</a>&nbsp;&nbsp;&nbsp;EEPROM_WriteByte
</UL>
<BR>[Called By]<UL><LI><a href="#[3b]">&gt;&gt;</a>&nbsp;&nbsp;&nbsp;ExitToNormal
</UL>

<P><STRONG><a name="[47]"></a>InAlarmEditMode</STRONG> (Thumb, 40 bytes, Stack size 4 bytes, app.o(.text.InAlarmEditMode))
<BR><BR>[Stack]<UL><LI>Max Depth = 4<LI>Call Chain = InAlarmEditMode
</UL>
<BR>[Called By]<UL><LI><a href="#[46]">&gt;&gt;</a>&nbsp;&nbsp;&nbsp;App_Task1ms
</UL>

<P><STRONG><a name="[43]"></a>Clock_Increment1Second</STRONG> (Thumb, 116 bytes, Stack size 8 bytes, app.o(.text.Clock_Increment1Second))
<BR><BR>[Stack]<UL><LI>Max Depth = 8<LI>Call Chain = Clock_Increment1Second
</UL>
<BR>[Calls]<UL><LI><a href="#[53]">&gt;&gt;</a>&nbsp;&nbsp;&nbsp;Buzzer_AlarmStart5s
</UL>
<BR>[Called By]<UL><LI><a href="#[42]">&gt;&gt;</a>&nbsp;&nbsp;&nbsp;App_OnRtcSecond
</UL>

<P><STRONG><a name="[50]"></a>Buzzer_SetReload</STRONG> (Thumb, 64 bytes, Stack size 16 bytes, buzzer_led.o(.text.Buzzer_SetReload))
<BR><BR>[Stack]<UL><LI>Max Depth = 16<LI>Call Chain = Buzzer_SetReload
</UL>
<BR>[Calls]<UL><LI><a href="#[51]">&gt;&gt;</a>&nbsp;&nbsp;&nbsp;Buzzer_HW_Init
</UL>
<BR>[Called By]<UL><LI><a href="#[52]">&gt;&gt;</a>&nbsp;&nbsp;&nbsp;Buzzer_Task1ms
<LI><a href="#[4f]">&gt;&gt;</a>&nbsp;&nbsp;&nbsp;Buzzer_Set
</UL>

<P><STRONG><a name="[51]"></a>Buzzer_HW_Init</STRONG> (Thumb, 96 bytes, Stack size 0 bytes, buzzer_led.o(.text.Buzzer_HW_Init))
<BR><BR>[Called By]<UL><LI><a href="#[50]">&gt;&gt;</a>&nbsp;&nbsp;&nbsp;Buzzer_SetReload
</UL>

<P><STRONG><a name="[54]"></a>Display_AllComOff</STRONG> (Thumb, 68 bytes, Stack size 16 bytes, display7seg.o(.text.Display_AllComOff))
<BR><BR>[Stack]<UL><LI>Max Depth = 52<LI>Call Chain = Display_AllComOff &rArr; gpio_clr &rArr; gpio_BCLR
</UL>
<BR>[Calls]<UL><LI><a href="#[4b]">&gt;&gt;</a>&nbsp;&nbsp;&nbsp;gpio_clr
</UL>
<BR>[Called By]<UL><LI><a href="#[55]">&gt;&gt;</a>&nbsp;&nbsp;&nbsp;Display_Scan1ms
</UL>

<P><STRONG><a name="[56]"></a>Display_WriteSegments</STRONG> (Thumb, 80 bytes, Stack size 24 bytes, display7seg.o(.text.Display_WriteSegments))
<BR><BR>[Stack]<UL><LI>Max Depth = 92<LI>Call Chain = Display_WriteSegments &rArr; gpio_write &rArr; gpio_set &rArr; gpio_BSET
</UL>
<BR>[Calls]<UL><LI><a href="#[58]">&gt;&gt;</a>&nbsp;&nbsp;&nbsp;gpio_write
</UL>
<BR>[Called By]<UL><LI><a href="#[55]">&gt;&gt;</a>&nbsp;&nbsp;&nbsp;Display_Scan1ms
</UL>

<P><STRONG><a name="[59]"></a>Flash_ErasePage</STRONG> (Thumb, 48 bytes, Stack size 16 bytes, eeprom.o(.text.Flash_ErasePage))
<BR><BR>[Stack]<UL><LI>Max Depth = 16<LI>Call Chain = Flash_ErasePage
</UL>
<BR>[Calls]<UL><LI><a href="#[5b]">&gt;&gt;</a>&nbsp;&nbsp;&nbsp;Flash_WaitDone
</UL>
<BR>[Called By]<UL><LI><a href="#[45]">&gt;&gt;</a>&nbsp;&nbsp;&nbsp;EEPROM_WriteByte
</UL>

<P><STRONG><a name="[5a]"></a>Flash_ProgramPage</STRONG> (Thumb, 176 bytes, Stack size 32 bytes, eeprom.o(.text.Flash_ProgramPage))
<BR><BR>[Stack]<UL><LI>Max Depth = 32<LI>Call Chain = Flash_ProgramPage
</UL>
<BR>[Calls]<UL><LI><a href="#[5b]">&gt;&gt;</a>&nbsp;&nbsp;&nbsp;Flash_WaitDone
</UL>
<BR>[Called By]<UL><LI><a href="#[45]">&gt;&gt;</a>&nbsp;&nbsp;&nbsp;EEPROM_WriteByte
</UL>

<P><STRONG><a name="[5b]"></a>Flash_WaitDone</STRONG> (Thumb, 20 bytes, Stack size 0 bytes, eeprom.o(.text.Flash_WaitDone))
<BR><BR>[Called By]<UL><LI><a href="#[5a]">&gt;&gt;</a>&nbsp;&nbsp;&nbsp;Flash_ProgramPage
<LI><a href="#[59]">&gt;&gt;</a>&nbsp;&nbsp;&nbsp;Flash_ErasePage
</UL>

<P><STRONG><a name="[66]"></a>gpio_CFG</STRONG> (Thumb, 80 bytes, Stack size 12 bytes, gpio.o(.text.gpio_CFG))
<BR><BR>[Stack]<UL><LI>Max Depth = 12<LI>Call Chain = gpio_CFG
</UL>
<BR>[Called By]<UL><LI><a href="#[4a]">&gt;&gt;</a>&nbsp;&nbsp;&nbsp;gpio_cfg
</UL>

<P><STRONG><a name="[68]"></a>gpio_MODE</STRONG> (Thumb, 80 bytes, Stack size 12 bytes, gpio.o(.text.gpio_MODE))
<BR><BR>[Stack]<UL><LI>Max Depth = 12<LI>Call Chain = gpio_MODE
</UL>
<BR>[Called By]<UL><LI><a href="#[4e]">&gt;&gt;</a>&nbsp;&nbsp;&nbsp;gpio_input
<LI><a href="#[4c]">&gt;&gt;</a>&nbsp;&nbsp;&nbsp;gpio_output
</UL>

<P><STRONG><a name="[6a]"></a>gpio_BSET</STRONG> (Thumb, 80 bytes, Stack size 12 bytes, gpio.o(.text.gpio_BSET))
<BR><BR>[Stack]<UL><LI>Max Depth = 12<LI>Call Chain = gpio_BSET
</UL>
<BR>[Called By]<UL><LI><a href="#[4d]">&gt;&gt;</a>&nbsp;&nbsp;&nbsp;gpio_set
</UL>

<P><STRONG><a name="[67]"></a>gpio_BCLR</STRONG> (Thumb, 80 bytes, Stack size 12 bytes, gpio.o(.text.gpio_BCLR))
<BR><BR>[Stack]<UL><LI>Max Depth = 12<LI>Call Chain = gpio_BCLR
</UL>
<BR>[Called By]<UL><LI><a href="#[4b]">&gt;&gt;</a>&nbsp;&nbsp;&nbsp;gpio_clr
</UL>

<P><STRONG><a name="[69]"></a>gpio_DATA</STRONG> (Thumb, 80 bytes, Stack size 12 bytes, gpio.o(.text.gpio_DATA))
<BR><BR>[Stack]<UL><LI>Max Depth = 12<LI>Call Chain = gpio_DATA
</UL>
<BR>[Called By]<UL><LI><a href="#[60]">&gt;&gt;</a>&nbsp;&nbsp;&nbsp;gpio_read
</UL>

<P><STRONG><a name="[5c]"></a>Keypad_ReadRaw</STRONG> (Thumb, 156 bytes, Stack size 24 bytes, keypad.o(.text.Keypad_ReadRaw))
<BR><BR>[Stack]<UL><LI>Max Depth = 100<LI>Call Chain = Keypad_ReadRaw &rArr; Row_ReleaseAll &rArr; gpio_cfg &rArr; gpio_CFG
</UL>
<BR>[Calls]<UL><LI><a href="#[5f]">&gt;&gt;</a>&nbsp;&nbsp;&nbsp;SmallDelay
<LI><a href="#[5e]">&gt;&gt;</a>&nbsp;&nbsp;&nbsp;Row_DriveLow
<LI><a href="#[5d]">&gt;&gt;</a>&nbsp;&nbsp;&nbsp;Row_ReleaseAll
<LI><a href="#[60]">&gt;&gt;</a>&nbsp;&nbsp;&nbsp;gpio_read
</UL>
<BR>[Called By]<UL><LI><a href="#[61]">&gt;&gt;</a>&nbsp;&nbsp;&nbsp;Keypad_Task10ms
</UL>

<P><STRONG><a name="[5d]"></a>Row_ReleaseAll</STRONG> (Thumb, 100 bytes, Stack size 32 bytes, keypad.o(.text.Row_ReleaseAll))
<BR><BR>[Stack]<UL><LI>Max Depth = 76<LI>Call Chain = Row_ReleaseAll &rArr; gpio_cfg &rArr; gpio_CFG
</UL>
<BR>[Calls]<UL><LI><a href="#[4e]">&gt;&gt;</a>&nbsp;&nbsp;&nbsp;gpio_input
<LI><a href="#[4a]">&gt;&gt;</a>&nbsp;&nbsp;&nbsp;gpio_cfg
</UL>
<BR>[Called By]<UL><LI><a href="#[5c]">&gt;&gt;</a>&nbsp;&nbsp;&nbsp;Keypad_ReadRaw
</UL>

<P><STRONG><a name="[5e]"></a>Row_DriveLow</STRONG> (Thumb, 72 bytes, Stack size 32 bytes, keypad.o(.text.Row_DriveLow))
<BR><BR>[Stack]<UL><LI>Max Depth = 68<LI>Call Chain = Row_DriveLow &rArr; gpio_output &rArr; gpio_MODE
</UL>
<BR>[Calls]<UL><LI><a href="#[4c]">&gt;&gt;</a>&nbsp;&nbsp;&nbsp;gpio_output
<LI><a href="#[4b]">&gt;&gt;</a>&nbsp;&nbsp;&nbsp;gpio_clr
</UL>
<BR>[Called By]<UL><LI><a href="#[5c]">&gt;&gt;</a>&nbsp;&nbsp;&nbsp;Keypad_ReadRaw
</UL>

<P><STRONG><a name="[5f]"></a>SmallDelay</STRONG> (Thumb, 32 bytes, Stack size 4 bytes, keypad.o(.text.SmallDelay))
<BR><BR>[Stack]<UL><LI>Max Depth = 4<LI>Call Chain = SmallDelay
</UL>
<BR>[Called By]<UL><LI><a href="#[5c]">&gt;&gt;</a>&nbsp;&nbsp;&nbsp;Keypad_ReadRaw
</UL>

<P><STRONG><a name="[62]"></a>SysTick_Config</STRONG> (Thumb, 68 bytes, Stack size 24 bytes, systick.o(.text.SysTick_Config))
<BR><BR>[Stack]<UL><LI>Max Depth = 48<LI>Call Chain = SysTick_Config &rArr; __NVIC_SetPriority
</UL>
<BR>[Calls]<UL><LI><a href="#[63]">&gt;&gt;</a>&nbsp;&nbsp;&nbsp;__NVIC_SetPriority
</UL>
<BR>[Called By]<UL><LI><a href="#[65]">&gt;&gt;</a>&nbsp;&nbsp;&nbsp;SysTick_Init1ms
</UL>

<P><STRONG><a name="[63]"></a>__NVIC_SetPriority</STRONG> (Thumb, 124 bytes, Stack size 24 bytes, systick.o(.text.__NVIC_SetPriority))
<BR><BR>[Stack]<UL><LI>Max Depth = 24<LI>Call Chain = __NVIC_SetPriority
</UL>
<BR>[Called By]<UL><LI><a href="#[62]">&gt;&gt;</a>&nbsp;&nbsp;&nbsp;SysTick_Config
</UL>
<P>
<H3>
Undefined Global Symbols
</H3>
<P><STRONG><a name="[31]"></a>_call_atexit_fns</STRONG> (ARM, 0 bytes, Stack size 0 bytes, UNDEFINED)
<BR><BR>[Called By]<UL><LI><a href="#[2a]">&gt;&gt;</a>&nbsp;&nbsp;&nbsp;exit
</UL>
<HR></body></html>
