Component: Arm Compiler for Embedded 6.24 Tool: armlink [5f371500]

==============================================================================

Section Cross References

    app.o(.text.App_Init) refers to app.o(.text.App_LoadAlarm) for App_LoadAlarm
    app.o(.text.App_Init) refers to display7seg.o(.text.Display_SetBlinkOn) for Display_SetBlinkOn
    app.o(.text.App_Init) refers to buzzer_led.o(.text.LedD6_Set) for LedD6_Set
    app.o(.text.App_Init) refers to app.o(.text.App_UpdateDisplay) for App_UpdateDisplay
    app.o(.text.App_Init) refers to app.o(.bss.s_now) for [Anonymous Symbol]
    app.o(.text.App_Init) refers to app.o(.bss.s_alarm) for [Anonymous Symbol]
    app.o(.text.App_Init) refers to app.o(.bss.s_alarm_edit) for [Anonymous Symbol]
    app.o(.text.App_Init) refers to app.o(.bss.s_mode) for [Anonymous Symbol]
    app.o(.text.App_Init) refers to app.o(.bss.s_idle_ms) for [Anonymous Symbol]
    app.o(.text.App_Init) refers to app.o(.data.s_blink_on) for [Anonymous Symbol]
    app.o(.ARM.exidx.text.App_Init) refers to app.o(.text.App_Init) for [Anonymous Symbol]
    app.o(.text.App_LoadAlarm) refers to eeprom.o(.text.EEPROM_ReadByte) for EEPROM_ReadByte
    app.o(.text.App_LoadAlarm) refers to app.o(.bss.s_alarm) for [Anonymous Symbol]
    app.o(.ARM.exidx.text.App_LoadAlarm) refers to app.o(.text.App_LoadAlarm) for [Anonymous Symbol]
    app.o(.text.App_UpdateDisplay) refers to display7seg.o(.text.Display_ShowTime) for Display_ShowTime
    app.o(.text.App_UpdateDisplay) refers to app.o(.bss.s_now) for [Anonymous Symbol]
    app.o(.text.App_UpdateDisplay) refers to app.o(.bss.s_mode) for [Anonymous Symbol]
    app.o(.text.App_UpdateDisplay) refers to app.o(.bss.s_alarm_edit) for [Anonymous Symbol]
    app.o(.ARM.exidx.text.App_UpdateDisplay) refers to app.o(.text.App_UpdateDisplay) for [Anonymous Symbol]
    app.o(.text.App_HandleKeys) refers to buzzer_led.o(.text.Buzzer_IsAlarmRinging) for Buzzer_IsAlarmRinging
    app.o(.text.App_HandleKeys) refers to buzzer_led.o(.text.Buzzer_AlarmStop) for Buzzer_AlarmStop
    app.o(.text.App_HandleKeys) refers to buzzer_led.o(.text.Buzzer_Pip300ms) for Buzzer_Pip300ms
    app.o(.text.App_HandleKeys) refers to app.o(.text.InEditMode) for InEditMode
    app.o(.text.App_HandleKeys) refers to app.o(.text.ExitToNormal) for ExitToNormal
    app.o(.text.App_HandleKeys) refers to app.o(.text.App_SaveAlarm) for App_SaveAlarm
    app.o(.text.App_HandleKeys) refers to app.o(.text.AdjustHour) for AdjustHour
    app.o(.text.App_HandleKeys) refers to app.o(.text.AdjustMinute) for AdjustMinute
    app.o(.text.App_HandleKeys) refers to app.o(.text.AdjustHourStep) for AdjustHourStep
    app.o(.text.App_HandleKeys) refers to app.o(.text.AdjustMinuteStep) for AdjustMinuteStep
    app.o(.text.App_HandleKeys) refers to app.o(.bss.s_idle_ms) for [Anonymous Symbol]
    app.o(.text.App_HandleKeys) refers to app.o(.bss.s_mode) for [Anonymous Symbol]
    app.o(.text.App_HandleKeys) refers to app.o(.bss.s_alarm_edit) for [Anonymous Symbol]
    app.o(.text.App_HandleKeys) refers to app.o(.bss.s_now) for [Anonymous Symbol]
    app.o(.text.App_HandleKeys) refers to app.o(.bss.s_alarm) for [Anonymous Symbol]
    app.o(.ARM.exidx.text.App_HandleKeys) refers to app.o(.text.App_HandleKeys) for [Anonymous Symbol]
    app.o(.text.InEditMode) refers to app.o(.bss.s_mode) for [Anonymous Symbol]
    app.o(.ARM.exidx.text.InEditMode) refers to app.o(.text.InEditMode) for [Anonymous Symbol]
    app.o(.text.ExitToNormal) refers to buzzer_led.o(.text.LedD6_Set) for LedD6_Set
    app.o(.text.ExitToNormal) refers to app.o(.bss.s_mode) for [Anonymous Symbol]
    app.o(.text.ExitToNormal) refers to app.o(.bss.s_idle_ms) for [Anonymous Symbol]
    app.o(.ARM.exidx.text.ExitToNormal) refers to app.o(.text.ExitToNormal) for [Anonymous Symbol]
    app.o(.text.App_SaveAlarm) refers to eeprom.o(.text.EEPROM_WriteByte) for EEPROM_WriteByte
    app.o(.text.App_SaveAlarm) refers to app.o(.bss.s_alarm) for [Anonymous Symbol]
    app.o(.ARM.exidx.text.App_SaveAlarm) refers to app.o(.text.App_SaveAlarm) for [Anonymous Symbol]
    app.o(.text.AdjustHour) refers to app.o(.text.AdjustHourStep) for AdjustHourStep
    app.o(.ARM.exidx.text.AdjustHour) refers to app.o(.text.AdjustHour) for [Anonymous Symbol]
    app.o(.text.AdjustMinute) refers to app.o(.text.AdjustMinuteStep) for AdjustMinuteStep
    app.o(.ARM.exidx.text.AdjustMinute) refers to app.o(.text.AdjustMinute) for [Anonymous Symbol]
    app.o(.text.AdjustHourStep) refers to aeabi_sdiv.o(.text) for __aeabi_uidivmod
    app.o(.ARM.exidx.text.AdjustHourStep) refers to app.o(.text.AdjustHourStep) for [Anonymous Symbol]
    app.o(.text.AdjustMinuteStep) refers to aeabi_sdiv.o(.text) for __aeabi_uidivmod
    app.o(.ARM.exidx.text.AdjustMinuteStep) refers to app.o(.text.AdjustMinuteStep) for [Anonymous Symbol]
    app.o(.text.App_Task1ms) refers to display7seg.o(.text.Display_SetBlinkOn) for Display_SetBlinkOn
[...]
    libinit.o(.ARM.Collect$$libinit$$00000000) refers (Special) to libinit2.o(.ARM.Collect$$libinit$$00000013) for __rt_lib_init_lc_collate_1
    libinit.o(.ARM.Collect$$libinit$$00000000) refers (Special) to libinit2.o(.ARM.Collect$$libinit$$00000015) for __rt_lib_init_lc_ctype_1
    libinit.o(.ARM.Collect$$libinit$$00000000) refers (Special) to libinit2.o(.ARM.Collect$$libinit$$00000017) for __rt_lib_init_lc_monetary_1
    libinit.o(.ARM.Collect$$libinit$$00000000) refers (Special) to libinit2.o(.ARM.Collect$$libinit$$00000019) for __rt_lib_init_lc_numeric_1
    libinit.o(.ARM.Collect$$libinit$$00000000) refers (Special) to libinit2.o(.ARM.Collect$$libinit$$0000001B) for __rt_lib_init_lc_time_1
    libinit.o(.ARM.Collect$$libinit$$00000000) refers (Special) to libinit2.o(.ARM.Collect$$libinit$$00000006) for __rt_lib_init_preinit_1
    libinit.o(.ARM.Collect$$libinit$$00000000) refers (Special) to libinit2.o(.ARM.Collect$$libinit$$00000010) for __rt_lib_init_rand_1
    libinit.o(.ARM.Collect$$libinit$$00000000) refers (Special) to libinit2.o(.ARM.Collect$$libinit$$00000004) for __rt_lib_init_relocate_pie_1
    libinit.o(.ARM.Collect$$libinit$$00000000) refers (Special) to libinit2.o(.ARM.Collect$$libinit$$00000035) for __rt_lib_init_return
    libinit.o(.ARM.Collect$$libinit$$00000000) refers (Special) to libinit2.o(.ARM.Collect$$libinit$$0000001F) for __rt_lib_init_signal_1
    libinit.o(.ARM.Collect$$libinit$$00000000) refers (Special) to libinit2.o(.ARM.Collect$$libinit$$00000027) for __rt_lib_init_stdio_1
    libinit.o(.ARM.Collect$$libinit$$00000000) refers (Special) to libinit2.o(.ARM.Collect$$libinit$$0000000E) for __rt_lib_init_user_alloc_1
    libspace.o(.text) refers to libspace.o(.bss) for __libspace_start
    rtexit.o(.ARM.Collect$$rtexit$$00000000) refers (Special) to rtexit2.o(.ARM.Collect$$rtexit$$00000004) for __rt_exit_exit
    rtexit.o(.ARM.Collect$$rtexit$$00000000) refers (Special) to rtexit2.o(.ARM.Collect$$rtexit$$00000003) for __rt_exit_ls
    rtexit.o(.ARM.Collect$$rtexit$$00000000) refers (Special) to rtexit2.o(.ARM.Collect$$rtexit$$00000002) for __rt_exit_prels_1
    rtexit.o(.ARM.exidx) refers (Special) to rtexit2.o(.ARM.Collect$$rtexit$$00000004) for __rt_exit_exit
    rtexit.o(.ARM.exidx) refers (Special) to rtexit2.o(.ARM.Collect$$rtexit$$00000003) for __rt_exit_ls
    rtexit.o(.ARM.exidx) refers (Special) to rtexit2.o(.ARM.Collect$$rtexit$$00000002) for __rt_exit_prels_1
    rtexit.o(.ARM.exidx) refers to rtexit.o(.ARM.Collect$$rtexit$$00000000) for .ARM.Collect$$rtexit$$00000000
    rt_raise.o(.text) refers to __raise.o(.text) for __raise
    rt_raise.o(.text) refers to sys_exit.o(.text) for _sys_exit
    defsig_exit.o(.text) refers to sys_exit.o(.text) for _sys_exit
    defsig_fpe_inner.o(.text) refers to defsig_general.o(.text) for __default_signal_display
    libinit2.o(.ARM.Collect$$libinit$$00000012) refers to libinit2.o(.ARM.Collect$$libinit$$00000011) for .ARM.Collect$$libinit$$00000011
    libinit2.o(.ARM.Collect$$libinit$$00000014) refers to libinit2.o(.ARM.Collect$$libinit$$00000011) for .ARM.Collect$$libinit$$00000011
    libinit2.o(.ARM.Collect$$libinit$$00000016) refers to libinit2.o(.ARM.Collect$$libinit$$00000011) for .ARM.Collect$$libinit$$00000011
    libinit2.o(.ARM.Collect$$libinit$$00000018) refers to libinit2.o(.ARM.Collect$$libinit$$00000011) for .ARM.Collect$$libinit$$00000011
    libinit2.o(.ARM.Collect$$libinit$$0000001A) refers to libinit2.o(.ARM.Collect$$libinit$$00000011) for .ARM.Collect$$libinit$$00000011
    libinit2.o(.ARM.Collect$$libinit$$00000028) refers to argv_veneer.o(.text) for __ARM_argv_veneer
    libinit2.o(.ARM.Collect$$libinit$$00000029) refers to argv_veneer.o(.text) for __ARM_argv_veneer
    sys_exit.o(.text) refers (Special) to use_no_semi.o(.text) for __I$use$semihosting
    sys_exit.o(.text) refers (Special) to indicate_semi.o(.text) for __semihosting_library_function
    sys_exit_hlt.o(.text) refers (Special) to use_no_semi.o(.text) for __I$use$semihosting
    sys_exit_hlt.o(.text) refers (Special) to indicate_semi.o(.text) for __semihosting_library_function
    rtexit2.o(.ARM.Collect$$rtexit$$00000003) refers to libshutdown.o(.ARM.Collect$$libshutdown$$00000000) for __rt_lib_shutdown
    rtexit2.o(.ARM.Collect$$rtexit$$00000004) refers to sys_exit.o(.text) for _sys_exit
    rtexit2.o(.ARM.exidx) refers to rtexit2.o(.ARM.Collect$$rtexit$$00000001) for .ARM.Collect$$rtexit$$00000001
    rtexit2.o(.ARM.exidx) refers to rtexit2.o(.ARM.Collect$$rtexit$$00000003) for .ARM.Collect$$rtexit$$00000003
    rtexit2.o(.ARM.exidx) refers to rtexit2.o(.ARM.Collect$$rtexit$$00000004) for .ARM.Collect$$rtexit$$00000004
    __raise.o(.text) refers to defsig.o(CL$$defsig) for __default_signal_handler
    defsig_general.o(.text) refers to sys_wrch.o(.text) for _ttywrch
    sys_wrch.o(.text) refers (Special) to use_no_semi.o(.text) for __I$use$semihosting
    sys_wrch.o(.text) refers (Special) to indicate_semi.o(.text) for __semihosting_library_function
    sys_wrch_hlt.o(.text) refers (Special) to use_no_semi.o(.text) for __I$use$semihosting
    sys_wrch_hlt.o(.text) refers (Special) to indicate_semi.o(.text) for __semihosting_library_function
    defsig.o(CL$$defsig) refers to defsig_fpe_inner.o(.text) for __rt_SIGFPE_inner
    defsig.o(CL$$defsig) refers to defsig_rtmem_inner.o(.text) for __rt_SIGRTMEM_inner
    _get_argv_nomalloc.o(.text) refers (Special) to hrguard.o(.text) for __heap_region$guard
    _get_argv_nomalloc.o(.text) refers to defsig_rtmem_outer.o(.text) for __rt_SIGRTMEM
    _get_argv_nomalloc.o(.text) refers to sys_command.o(.text) for _sys_command_string
    libshutdown.o(.ARM.Collect$$libshutdown$$00000000) refers (Special) to libshutdown2.o(.ARM.Collect$$libshutdown$$00000002) for __rt_lib_shutdown_cpp_1
    libshutdown.o(.ARM.Collect$$libshutdown$$00000000) refers (Special) to libshutdown2.o(.ARM.Collect$$libshutdown$$00000007) for __rt_lib_shutdown_fp_trap_1
    libshutdown.o(.ARM.Collect$$libshutdown$$00000000) refers (Special) to libshutdown2.o(.ARM.Collect$$libshutdown$$0000000F) for __rt_lib_shutdown_heap_1
    libshutdown.o(.ARM.Collect$$libshutdown$$00000000) refers (Special) to libshutdown2.o(.ARM.Collect$$libshutdown$$00000010) for __rt_lib_shutdown_return
    libshutdown.o(.ARM.Collect$$libshutdown$$00000000) refers (Special) to libshutdown2.o(.ARM.Collect$$libshutdown$$0000000A) for __rt_lib_shutdown_signal_1
    libshutdown.o(.ARM.Collect$$libshutdown$$00000000) refers (Special) to libshutdown2.o(.ARM.Collect$$libshutdown$$00000004) for __rt_lib_shutdown_stdio_1
    libshutdown.o(.ARM.Collect$$libshutdown$$00000000) refers (Special) to libshutdown2.o(.ARM.Collect$$libshutdown$$0000000C) for __rt_lib_shutdown_user_alloc_1
    sys_command.o(.text) refers (Special) to use_no_semi.o(.text) for __I$use$semihosting
    sys_command.o(.text) refers (Special) to indicate_semi.o(.text) for __semihosting_library_function
    sys_command_hlt.o(.text) refers (Special) to use_no_semi.o(.text) for __I$use$semihosting
    sys_command_hlt.o(.text) refers (Special) to indicate_semi.o(.text) for __semihosting_library_function
    defsig_abrt_inner.o(.text) refers to defsig_general.o(.text) for __default_signal_display
    defsig_rtred_inner.o(.text) refers to defsig_general.o(.text) for __default_signal_display
    defsig_rtmem_inner.o(.text) refers to defsig_general.o(.text) for __default_signal_display
    defsig_rtmem_outer.o(.text) refers to defsig_rtmem_inner.o(.text) for __rt_SIGRTMEM_inner
    defsig_rtmem_outer.o(.text) refers to defsig_exit.o(.text) for __sig_exit
    defsig_rtmem_formal.o(.text) refers to rt_raise.o(.text) for __rt_raise
    defsig_stak_inner.o(.text) refers to defsig_general.o(.text) for __default_signal_display
    defsig_pvfn_inner.o(.text) refers to defsig_general.o(.text) for __default_signal_display
    defsig_cppl_inner.o(.text) refers to defsig_general.o(.text) for __default_signal_display
    defsig_segv_inner.o(.text) refers to defsig_general.o(.text) for __default_signal_display
    defsig_other.o(.text) refers to defsig_general.o(.text) for __default_signal_display


==============================================================================

Removing Unused input sections from the image.

    Removing app.o(.text), (0 bytes).
    Removing app.o(.ARM.exidx.text.App_Init), (8 bytes).
    Removing app.o(.ARM.exidx.text.App_LoadAlarm), (8 bytes).
    Removing app.o(.ARM.exidx.text.App_UpdateDisplay), (8 bytes).
    Removing app.o(.ARM.exidx.text.App_HandleKeys), (8 bytes).
    Removing app.o(.ARM.exidx.text.InEditMode), (8 bytes).
    Removing app.o(.ARM.exidx.text.ExitToNormal), (8 bytes).
    Removing app.o(.ARM.exidx.text.App_SaveAlarm), (8 bytes).
    Removing app.o(.ARM.exidx.text.AdjustHour), (8 bytes).
    Removing app.o(.ARM.exidx.text.AdjustMinute), (8 bytes).
    Removing app.o(.ARM.exidx.text.AdjustHourStep), (8 bytes).
    Removing app.o(.ARM.exidx.text.AdjustMinuteStep), (8 bytes).
    Removing app.o(.ARM.exidx.text.App_Task1ms), (8 bytes).
    Removing app.o(.ARM.exidx.text.InAlarmEditMode), (8 bytes).
    Removing app.o(.ARM.exidx.text.App_OnRtcSecond), (8 bytes).
    Removing app.o(.ARM.exidx.text.Clock_Increment1Second), (8 bytes).
    Removing board.o(.text), (0 bytes).
    Removing board.o(.ARM.exidx.text.Board_GPIO_Init), (8 bytes).
    Removing board.o(.rodata.PIN_BUZZER), (2 bytes).
    Removing board.o(.rodata.PIN_I2C_SCL), (2 bytes).
    Removing board.o(.rodata.PIN_I2C_SDA), (2 bytes).
    Removing buzzer_led.o(.text), (0 bytes).
    Removing buzzer_led.o(.ARM.exidx.text.Buzzer_Set), (8 bytes).
    Removing buzzer_led.o(.ARM.exidx.text.Buzzer_SetReload), (8 bytes).
    Removing buzzer_led.o(.ARM.exidx.text.LedD6_Set), (8 bytes).
    Removing buzzer_led.o(.ARM.exidx.text.Buzzer_Pip300ms), (8 bytes).
    Removing buzzer_led.o(.ARM.exidx.text.Buzzer_AlarmStart5s), (8 bytes).
    Removing buzzer_led.o(.ARM.exidx.text.Buzzer_Task1ms), (8 bytes).
    Removing buzzer_led.o(.ARM.exidx.text.Buzzer_AlarmStop), (8 bytes).
    Removing buzzer_led.o(.ARM.exidx.text.Buzzer_IsAlarmRinging), (8 bytes).
    Removing buzzer_led.o(.ARM.exidx.text.Buzzer_HW_Init), (8 bytes).
    Removing clock.o(.text), (0 bytes).
    Removing clock.o(.ARM.exidx.text.Clock_Init_48MHz_IHRC), (8 bytes).
    Removing display7seg.o(.text), (0 bytes).
    Removing display7seg.o(.ARM.exidx.text.Display_SetBlinkOn), (8 bytes).
    Removing display7seg.o(.ARM.exidx.text.Display_Scan1ms), (8 bytes).
    Removing display7seg.o(.ARM.exidx.text.Display_AllComOff), (8 bytes).
    Removing display7seg.o(.ARM.exidx.text.Display_WriteSegments), (8 bytes).
    Removing display7seg.o(.ARM.exidx.text.Display_ShowTime), (8 bytes).
    Removing eeprom.o(.text), (0 bytes).
    Removing eeprom.o(.ARM.exidx.text.EEPROM_ReadByte), (8 bytes).
    Removing eeprom.o(.ARM.exidx.text.EEPROM_WriteByte), (8 bytes).
    Removing eeprom.o(.ARM.exidx.text.Flash_ErasePage), (8 bytes).
    Removing eeprom.o(.ARM.exidx.text.Flash_ProgramPage), (8 bytes).
    Removing eeprom.o(.ARM.exidx.text.Flash_WaitDone), (8 bytes).
    Removing gpio.o(.text), (0 bytes).
    Removing gpio.o(.ARM.exidx.text.gpio_cfg), (8 bytes).
    Removing gpio.o(.ARM.exidx.text.gpio_CFG), (8 bytes).
    Removing gpio.o(.ARM.exidx.text.gpio_output), (8 bytes).
    Removing gpio.o(.ARM.exidx.text.gpio_MODE), (8 bytes).
    Removing gpio.o(.ARM.exidx.text.gpio_input), (8 bytes).
    Removing gpio.o(.ARM.exidx.text.gpio_set), (8 bytes).
    Removing gpio.o(.ARM.exidx.text.gpio_BSET), (8 bytes).
    Removing gpio.o(.ARM.exidx.text.gpio_clr), (8 bytes).
    Removing gpio.o(.ARM.exidx.text.gpio_BCLR), (8 bytes).
    Removing gpio.o(.ARM.exidx.text.gpio_write), (8 bytes).
    Removing gpio.o(.ARM.exidx.text.gpio_read), (8 bytes).
    Removing gpio.o(.ARM.exidx.text.gpio_DATA), (8 bytes).
    Removing i2c_hw.o(.text), (0 bytes).
    Removing i2c_hw.o(.text.I2C0_HW_Init), (96 bytes).
    Removing i2c_hw.o(.ARM.exidx.text.I2C0_HW_Init), (8 bytes).
    Removing i2c_hw.o(.text.I2C0_Start), (28 bytes).
    Removing i2c_hw.o(.ARM.exidx.text.I2C0_Start), (8 bytes).
    Removing i2c_hw.o(.text.I2C0_WaitEvent), (164 bytes).
    Removing i2c_hw.o(.ARM.exidx.text.I2C0_WaitEvent), (8 bytes).
    Removing i2c_hw.o(.text.I2C0_Stop), (28 bytes).
    Removing i2c_hw.o(.ARM.exidx.text.I2C0_Stop), (8 bytes).
    Removing i2c_hw.o(.text.I2C0_WriteByte), (32 bytes).
    Removing i2c_hw.o(.ARM.exidx.text.I2C0_WriteByte), (8 bytes).
    Removing i2c_hw.o(.text.I2C0_ReadByte), (100 bytes).
    Removing i2c_hw.o(.ARM.exidx.text.I2C0_ReadByte), (8 bytes).
    Removing keypad.o(.text), (0 bytes).
    Removing keypad.o(.ARM.exidx.text.Keypad_Task10ms), (8 bytes).
    Removing keypad.o(.ARM.exidx.text.Keypad_ReadRaw), (8 bytes).
    Removing keypad.o(.ARM.exidx.text.Row_ReleaseAll), (8 bytes).
    Removing keypad.o(.ARM.exidx.text.Row_DriveLow), (8 bytes).
    Removing keypad.o(.ARM.exidx.text.SmallDelay), (8 bytes).
    Removing main.o(.text), (0 bytes).
    Removing main.o(.ARM.exidx.text.main), (8 bytes).
    Removing main.o(.ARM.use_no_argv), (4 bytes).
    Removing rtc.o(.text), (0 bytes).
    Removing rtc.o(.ARM.exidx.text.RTC_Init_1Hz_ELS), (8 bytes).
    Removing rtc.o(.ARM.exidx.text.RTC_Tick1ms), (8 bytes).
    Removing rtc.o(.ARM.exidx.text.RTC_ConsumeSecondFlag), (8 bytes).
    Removing rtc.o(.ARM.exidx.text.RTC_IRQHandler), (8 bytes).
    Removing rtc.o(.text.RTCIRQ_Handler), (2 bytes).
    Removing rtc.o(.ARM.exidx.text.RTCIRQ_Handler), (8 bytes).
    Removing systick.o(.text), (0 bytes).
    Removing systick.o(.ARM.exidx.text.SysTick_Init1ms), (8 bytes).
    Removing systick.o(.ARM.exidx.text.SysTick_Config), (8 bytes).
    Removing systick.o(.ARM.exidx.text.SysTick_Handler), (8 bytes).
    Removing systick.o(.text.DelayMs), (40 bytes).
    Removing systick.o(.ARM.exidx.text.DelayMs), (8 bytes).
    Removing systick.o(.ARM.exidx.text.__NVIC_SetPriority), (8 bytes).
    Removing system_sn32f400.o(.text), (0 bytes).
    Removing system_sn32f400.o(.text.SystemCoreClockUpdate), (420 bytes).
    Removing system_sn32f400.o(.ARM.exidx.text.SystemCoreClockUpdate), (8 bytes).
    Removing system_sn32f400.o(.text.SystemInit), (72 bytes).
    Removing system_sn32f400.o(.ARM.exidx.text.SystemInit), (8 bytes).
    Removing system_sn32f400.o(.bss.SystemCoreClock), (4 bytes).

100 unused section(s) (total 1572 bytes) removed from the image.

==============================================================================

Image Symbol Table

    Local Symbols

    Symbol Name                              Value     Ov Type        Size  Object(Section)

    ../clib/angel/boardlib.s                 0x00000000   Number         0  boardinit1.o ABSOLUTE
    ../clib/angel/boardlib.s                 0x00000000   Number         0  boardinit2.o ABSOLUTE
    ../clib/angel/boardlib.s                 0x00000000   Number         0  boardinit3.o ABSOLUTE
    ../clib/angel/boardlib.s                 0x00000000   Number         0  boardshut.o ABSOLUTE
    ../clib/angel/handlers.s                 0x00000000   Number         0  __scatter_copy.o ABSOLUTE
    ../clib/angel/handlers.s                 0x00000000   Number         0  __scatter_zi.o ABSOLUTE
    ../clib/angel/kernel.s                   0x00000000   Number         0  __rtentry.o ABSOLUTE
    ../clib/angel/kernel.s                   0x00000000   Number         0  __rtentry2.o ABSOLUTE
    ../clib/angel/kernel.s                   0x00000000   Number         0  __rtentry4.o ABSOLUTE
    ../clib/angel/kernel.s                   0x00000000   Number         0  rtexit.o ABSOLUTE
    ../clib/angel/kernel.s                   0x00000000   Number         0  rtexit2.o ABSOLUTE
    ../clib/angel/rt.s                       0x00000000   Number         0  aeabi_idiv0.o ABSOLUTE
    ../clib/angel/rt.s                       0x00000000   Number         0  aeabi_idiv0_sigfpe.o ABSOLUTE
    ../clib/angel/rt.s                       0x00000000   Number         0  rt_div0.o ABSOLUTE
    ../clib/angel/rt.s                       0x00000000   Number         0  rt_raise.o ABSOLUTE
    ../clib/angel/scatterp.s                 0x00000000   Number         0  __scatter.o ABSOLUTE
    ../clib/angel/startup.s                  0x00000000   Number         0  __main.o ABSOLUTE
    ../clib/angel/sys.s                      0x00000000   Number         0  sys_stackheap_outer.o ABSOLUTE
    ../clib/angel/sys.s                      0x00000000   Number         0  libspace.o ABSOLUTE
    ../clib/angel/sys.s                      0x00000000   Number         0  tempstk.o ABSOLUTE
    ../clib/angel/sys.s                      0x00000000   Number         0  use_no_semi.o ABSOLUTE
    ../clib/angel/sys.s                      0x00000000   Number         0  indicate_semi.o ABSOLUTE
    ../clib/angel/sysapp.c                   0x00000000   Number         0  sys_exit.o ABSOLUTE
    ../clib/angel/sysapp.c                   0x00000000   Number         0  sys_exit_hlt.o ABSOLUTE
    ../clib/angel/sysapp.c                   0x00000000   Number         0  sys_wrch.o ABSOLUTE
    ../clib/angel/sysapp.c                   0x00000000   Number         0  sys_wrch_hlt.o ABSOLUTE
    ../clib/angel/sysapp.c                   0x00000000   Number         0  sys_command.o ABSOLUTE
    ../clib/angel/sysapp.c                   0x00000000   Number         0  sys_command_hlt.o ABSOLUTE
    ../clib/armsys.c                         0x00000000   Number         0  argv_veneer.o ABSOLUTE
    ../clib/armsys.c                         0x00000000   Number         0  _get_argv_nomalloc.o ABSOLUTE
    ../clib/armsys.c                         0x00000000   Number         0  no_argv.o ABSOLUTE
    ../clib/division.s                       0x00000000   Number         0  aeabi_sdiv.o ABSOLUTE
    ../clib/division.s                       0x00000000   Number         0  aeabi_sdiv_div0.o ABSOLUTE
    ../clib/heapalloc.c                      0x00000000   Number         0  hrguard.o ABSOLUTE
    ../clib/heapaux.c                        0x00000000   Number         0  heapauxi.o ABSOLUTE
    ../clib/libinit.s                        0x00000000   Number         0  libinit.o ABSOLUTE
    ../clib/libinit.s                        0x00000000   Number         0  libinit2.o ABSOLUTE
    ../clib/libinit.s                        0x00000000   Number         0  libshutdown.o ABSOLUTE
    ../clib/libinit.s                        0x00000000   Number         0  libshutdown2.o ABSOLUTE
    ../clib/signal.c                         0x00000000   Number         0  defsig_fpe_outer.o ABSOLUTE
    ../clib/signal.c                         0x00000000   Number         0  defsig_fpe_formal.o ABSOLUTE
    ../clib/signal.c                         0x00000000   Number         0  defsig_exit.o ABSOLUTE
    ../clib/signal.c                         0x00000000   Number         0  defsig_fpe_inner.o ABSOLUTE
    ../clib/signal.c                         0x00000000   Number         0  __raise.o ABSOLUTE
    ../clib/signal.c                         0x00000000   Number         0  defsig_general.o ABSOLUTE
    ../clib/signal.c                         0x00000000   Number         0  defsig_abrt_inner.o ABSOLUTE
    ../clib/signal.c                         0x00000000   Number         0  defsig_rtred_inner.o ABSOLUTE
    ../clib/signal.c                         0x00000000   Number         0  defsig_rtmem_inner.o ABSOLUTE
    ../clib/signal.c                         0x00000000   Number         0  defsig_rtmem_outer.o ABSOLUTE
    ../clib/signal.c                         0x00000000   Number         0  defsig_rtmem_formal.o ABSOLUTE
    ../clib/signal.c                         0x00000000   Number         0  defsig_stak_inner.o ABSOLUTE
    ../clib/signal.c                         0x00000000   Number         0  defsig_pvfn_inner.o ABSOLUTE
    ../clib/signal.c                         0x00000000   Number         0  defsig_cppl_inner.o ABSOLUTE
    ../clib/signal.c                         0x00000000   Number         0  defsig_segv_inner.o ABSOLUTE
    ../clib/signal.c                         0x00000000   Number         0  defsig_other.o ABSOLUTE
    ../clib/signal.s                         0x00000000   Number         0  defsig.o ABSOLUTE
    ../clib/stdlib.c                         0x00000000   Number         0  exit.o ABSOLUTE
    ../fplib/cfplib/fpinit.c                 0x00000000   Number         0  fpinit.o ABSOLUTE
    RTE/Device/SN32F407F/startup_SN32F400.s  0x00000000   Number         0  startup_sn32f400.o ABSOLUTE
    app.c                                    0x00000000   Number         0  app.o ABSOLUTE
    board.c                                  0x00000000   Number         0  board.o ABSOLUTE
    buzzer_led.c                             0x00000000   Number         0  buzzer_led.o ABSOLUTE
    clock.c                                  0x00000000   Number         0  clock.o ABSOLUTE
    dc.s                                     0x00000000   Number         0  dc.o ABSOLUTE
    display7seg.c                            0x00000000   Number         0  display7seg.o ABSOLUTE
    eeprom.c                                 0x00000000   Number         0  eeprom.o ABSOLUTE
    gpio.c                                   0x00000000   Number         0  gpio.o ABSOLUTE
    i2c_hw.c                                 0x00000000   Number         0  i2c_hw.o ABSOLUTE
    keypad.c                                 0x00000000   Number         0  keypad.o ABSOLUTE
    main.c                                   0x00000000   Number         0  main.o ABSOLUTE
    rtc.c                                    0x00000000   Number         0  rtc.o ABSOLUTE
    system_SN32F400.c                        0x00000000   Number         0  system_sn32f400.o ABSOLUTE
    systick.c                                0x00000000   Number         0  systick.o ABSOLUTE
    RESET                                    0x00000000   Section      192  startup_sn32f400.o(RESET)
    !!!main                                  0x000000c0   Section        8  __main.o(!!!main)
    !!!scatter                               0x000000c8   Section       84  __scatter.o(!!!scatter)
    !!handler_copy                           0x0000011c   Section       26  __scatter_copy.o(!!handler_copy)
    !!handler_null                           0x00000138   Section        2  __scatter.o(!!handler_null)
    !!handler_zi                             0x0000013c   Section       28  __scatter_zi.o(!!handler_zi)
    .ARM.Collect$$libinit$$00000000          0x00000158   Section        2  libinit.o(.ARM.Collect$$libinit$$00000000)
    .ARM.Collect$$libinit$$00000002          0x0000015a   Section        0  libinit2.o(.ARM.Collect$$libinit$$00000002)
    .ARM.Collect$$libinit$$00000004          0x0000015a   Section        0  libinit2.o(.ARM.Collect$$libinit$$00000004)
    .ARM.Collect$$libinit$$00000006          0x0000015a   Section        0  libinit2.o(.ARM.Collect$$libinit$$00000006)
    .ARM.Collect$$libinit$$0000000C          0x0000015a   Section        0  libinit2.o(.ARM.Collect$$libinit$$0000000C)
    .ARM.Collect$$libinit$$0000000E          0x0000015a   Section        0  libinit2.o(.ARM.Collect$$libinit$$0000000E)
    .ARM.Collect$$libinit$$00000010          0x0000015a   Section        0  libinit2.o(.ARM.Collect$$libinit$$00000010)
    .ARM.Collect$$libinit$$00000013          0x0000015a   Section        0  libinit2.o(.ARM.Collect$$libinit$$00000013)
    .ARM.Collect$$libinit$$00000015          0x0000015a   Section        0  libinit2.o(.ARM.Collect$$libinit$$00000015)
    .ARM.Collect$$libinit$$00000017          0x0000015a   Section        0  libinit2.o(.ARM.Collect$$libinit$$00000017)
    .ARM.Collect$$libinit$$00000019          0x0000015a   Section        0  libinit2.o(.ARM.Collect$$libinit$$00000019)
    .ARM.Collect$$libinit$$0000001B          0x0000015a   Section        0  libinit2.o(.ARM.Collect$$libinit$$0000001B)
    .ARM.Collect$$libinit$$0000001D          0x0000015a   Section        0  libinit2.o(.ARM.Collect$$libinit$$0000001D)
    .ARM.Collect$$libinit$$0000001F          0x0000015a   Section        0  libinit2.o(.ARM.Collect$$libinit$$0000001F)
    .ARM.Collect$$libinit$$00000021          0x0000015a   Section        0  libinit2.o(.ARM.Collect$$libinit$$00000021)
    .ARM.Collect$$libinit$$00000023          0x0000015a   Section        0  libinit2.o(.ARM.Collect$$libinit$$00000023)
    .ARM.Collect$$libinit$$00000025          0x0000015a   Section        0  libinit2.o(.ARM.Collect$$libinit$$00000025)
    .ARM.Collect$$libinit$$00000027          0x0000015a   Section        0  libinit2.o(.ARM.Collect$$libinit$$00000027)
    .ARM.Collect$$libinit$$0000002E          0x0000015a   Section        0  libinit2.o(.ARM.Collect$$libinit$$0000002E)
    .ARM.Collect$$libinit$$00000030          0x0000015a   Section        0  libinit2.o(.ARM.Collect$$libinit$$00000030)
    .ARM.Collect$$libinit$$00000032          0x0000015a   Section        0  libinit2.o(.ARM.Collect$$libinit$$00000032)
    .ARM.Collect$$libinit$$00000034          0x0000015a   Section        0  libinit2.o(.ARM.Collect$$libinit$$00000034)
    .ARM.Collect$$libinit$$00000035          0x0000015a   Section        2  libinit2.o(.ARM.Collect$$libinit$$00000035)
    .ARM.Collect$$libshutdown$$00000000      0x0000015c   Section        2  libshutdown.o(.ARM.Collect$$libshutdown$$00000000)
    .ARM.Collect$$libshutdown$$00000002      0x0000015e   Section        0  libshutdown2.o(.ARM.Collect$$libshutdown$$00000002)
    .ARM.Collect$$libshutdown$$00000004      0x0000015e   Section        0  libshutdown2.o(.ARM.Collect$$libshutdown$$00000004)
    .ARM.Collect$$libshutdown$$00000007      0x0000015e   Section        0  libshutdown2.o(.ARM.Collect$$libshutdown$$00000007)
    .ARM.Collect$$libshutdown$$0000000A      0x0000015e   Section        0  libshutdown2.o(.ARM.Collect$$libshutdown$$0000000A)
    .ARM.Collect$$libshutdown$$0000000C      0x0000015e   Section        0  libshutdown2.o(.ARM.Collect$$libshutdown$$0000000C)
    .ARM.Collect$$libshutdown$$0000000F      0x0000015e   Section        0  libshutdown2.o(.ARM.Collect$$libshutdown$$0000000F)
    .ARM.Collect$$libshutdown$$00000010      0x0000015e   Section        2  libshutdown2.o(.ARM.Collect$$libshutdown$$00000010)
    .ARM.Collect$$rtentry$$00000000          0x00000160   Section        0  __rtentry.o(.ARM.Collect$$rtentry$$00000000)
    .ARM.Collect$$rtentry$$00000002          0x00000160   Section        0  __rtentry2.o(.ARM.Collect$$rtentry$$00000002)
    .ARM.Collect$$rtentry$$00000004          0x00000160   Section        6  __rtentry4.o(.ARM.Collect$$rtentry$$00000004)
    .ARM.Collect$$rtentry$$00000009          0x00000166   Section        0  __rtentry2.o(.ARM.Collect$$rtentry$$00000009)
    .ARM.Collect$$rtentry$$0000000A          0x00000166   Section        4  __rtentry2.o(.ARM.Collect$$rtentry$$0000000A)
    .ARM.Collect$$rtentry$$0000000C          0x0000016a   Section        0  __rtentry2.o(.ARM.Collect$$rtentry$$0000000C)
    .ARM.Collect$$rtentry$$0000000D          0x0000016a   Section        8  __rtentry2.o(.ARM.Collect$$rtentry$$0000000D)
    .ARM.Collect$$rtexit$$00000000           0x00000172   Section        2  rtexit.o(.ARM.Collect$$rtexit$$00000000)
    .ARM.Collect$$rtexit$$00000002           0x00000174   Section        0  rtexit2.o(.ARM.Collect$$rtexit$$00000002)
    .ARM.Collect$$rtexit$$00000003           0x00000174   Section        4  rtexit2.o(.ARM.Collect$$rtexit$$00000003)
    .ARM.Collect$$rtexit$$00000004           0x00000178   Section        6  rtexit2.o(.ARM.Collect$$rtexit$$00000004)
    .text                                    0x00000180   Section       60  startup_sn32f400.o(.text)
    .text                                    0x000001bc   Section      364  aeabi_sdiv.o(.text)
    .text                                    0x00000328   Section        0  heapauxi.o(.text)
    .text                                    0x0000032e   Section       62  sys_stackheap_outer.o(.text)
    .text                                    0x0000036c   Section        0  exit.o(.text)
    .text                                    0x0000037c   Section        8  libspace.o(.text)
    .text                                    0x00000384   Section        0  sys_exit.o(.text)
    .text                                    0x00000390   Section        2  use_no_semi.o(.text)
    AdjustHour                               0x00000393   Thumb Code    46  app.o(.text.AdjustHour)
    [Anonymous Symbol]                       0x00000392   Section        0  app.o(.text.AdjustHour)
    .text                                    0x00000392   Section        0  indicate_semi.o(.text)
    AdjustHourStep                           0x000003c1   Thumb Code    92  app.o(.text.AdjustHourStep)
    [Anonymous Symbol]                       0x000003c0   Section        0  app.o(.text.AdjustHourStep)
    AdjustMinute                             0x0000041d   Thumb Code    46  app.o(.text.AdjustMinute)
    [Anonymous Symbol]                       0x0000041c   Section        0  app.o(.text.AdjustMinute)
    AdjustMinuteStep                         0x0000044b   Thumb Code    92  app.o(.text.AdjustMinuteStep)
    [Anonymous Symbol]                       0x0000044a   Section        0  app.o(.text.AdjustMinuteStep)
    [Anonymous Symbol]                       0x000004a8   Section        0  app.o(.text.App_HandleKeys)
    [Anonymous Symbol]                       0x000007dc   Section        0  app.o(.text.App_Init)
    __arm_cp.0_0                             0x00000820   Number         4  app.o(.text.App_Init)
    __arm_cp.0_2                             0x00000824   Number         4  app.o(.text.App_Init)
    __arm_cp.0_3                             0x00000828   Number         4  app.o(.text.App_Init)
    __arm_cp.0_4                             0x0000082c   Number         4  app.o(.text.App_Init)
    App_LoadAlarm                            0x00000831   Thumb Code   148  app.o(.text.App_LoadAlarm)
    [Anonymous Symbol]                       0x00000830   Section        0  app.o(.text.App_LoadAlarm)
    [Anonymous Symbol]                       0x000008c4   Section        0  app.o(.text.App_OnRtcSecond)
    App_SaveAlarm                            0x000008cd   Thumb Code    80  app.o(.text.App_SaveAlarm)
    [Anonymous Symbol]                       0x000008cc   Section        0  app.o(.text.App_SaveAlarm)
    __arm_cp.6_0                             0x0000091c   Number         4  app.o(.text.App_SaveAlarm)
    [Anonymous Symbol]                       0x00000920   Section        0  app.o(.text.App_Task1ms)
    __arm_cp.11_0                            0x000009a0   Number         4  app.o(.text.App_Task1ms)
    __arm_cp.11_1                            0x000009a4   Number         4  app.o(.text.App_Task1ms)
    __arm_cp.11_2                            0x000009a8   Number         4  app.o(.text.App_Task1ms)
    __arm_cp.11_3                            0x000009ac   Number         4  app.o(.text.App_Task1ms)
    App_UpdateDisplay                        0x000009b1   Thumb Code   220  app.o(.text.App_UpdateDisplay)
    [Anonymous Symbol]                       0x000009b0   Section        0  app.o(.text.App_UpdateDisplay)
    __arm_cp.2_0                             0x00000a8c   Number         4  app.o(.text.App_UpdateDisplay)
    __arm_cp.2_1                             0x00000a90   Number         4  app.o(.text.App_UpdateDisplay)
    __arm_cp.2_2                             0x00000a94   Number         4  app.o(.text.App_UpdateDisplay)
    [Anonymous Symbol]                       0x00000a98   Section        0  board.o(.text.Board_GPIO_Init)
    __arm_cp.0_0                             0x00000cbc   Number         4  board.o(.text.Board_GPIO_Init)
    __arm_cp.0_1                             0x00000cc0   Number         4  board.o(.text.Board_GPIO_Init)
    __arm_cp.0_2                             0x00000cc4   Number         4  board.o(.text.Board_GPIO_Init)
    __arm_cp.0_3                             0x00000cc8   Number         4  board.o(.text.Board_GPIO_Init)
    __arm_cp.0_4                             0x00000ccc   Number         4  board.o(.text.Board_GPIO_Init)
    [Anonymous Symbol]                       0x00000cd0   Section        0  buzzer_led.o(.text.Buzzer_AlarmStart5s)
    __arm_cp.4_1                             0x00000ce8   Number         4  buzzer_led.o(.text.Buzzer_AlarmStart5s)
    [Anonymous Symbol]                       0x00000cec   Section        0  buzzer_led.o(.text.Buzzer_AlarmStop)
    Buzzer_HW_Init                           0x00000d05   Thumb Code    96  buzzer_led.o(.text.Buzzer_HW_Init)
    [Anonymous Symbol]                       0x00000d04   Section        0  buzzer_led.o(.text.Buzzer_HW_Init)
    __arm_cp.8_0                             0x00000d64   Number         4  buzzer_led.o(.text.Buzzer_HW_Init)
    __arm_cp.8_1                             0x00000d68   Number         4  buzzer_led.o(.text.Buzzer_HW_Init)
    __arm_cp.8_2                             0x00000d6c   Number         4  buzzer_led.o(.text.Buzzer_HW_Init)
    __arm_cp.8_6                             0x00000d70   Number         4  buzzer_led.o(.text.Buzzer_HW_Init)
    __arm_cp.8_7                             0x00000d74   Number         4  buzzer_led.o(.text.Buzzer_HW_Init)
    __arm_cp.8_8                             0x00000d78   Number         4  buzzer_led.o(.text.Buzzer_HW_Init)
    [Anonymous Symbol]                       0x00000d7c   Section        0  buzzer_led.o(.text.Buzzer_IsAlarmRinging)
    [Anonymous Symbol]                       0x00000d88   Section        0  buzzer_led.o(.text.Buzzer_Pip300ms)
    [Anonymous Symbol]                       0x00000da0   Section        0  buzzer_led.o(.text.Buzzer_Set)
    __arm_cp.0_0                             0x00000dc8   Number         4  buzzer_led.o(.text.Buzzer_Set)
    Buzzer_SetReload                         0x00000dcd   Thumb Code    64  buzzer_led.o(.text.Buzzer_SetReload)
    [Anonymous Symbol]                       0x00000dcc   Section        0  buzzer_led.o(.text.Buzzer_SetReload)
    __arm_cp.1_0                             0x00000e0c   Number         4  buzzer_led.o(.text.Buzzer_SetReload)
    __arm_cp.1_1                             0x00000e10   Number         4  buzzer_led.o(.text.Buzzer_SetReload)
    [Anonymous Symbol]                       0x00000e14   Section        0  buzzer_led.o(.text.Buzzer_Task1ms)
    __arm_cp.5_0                             0x00000ecc   Number         4  buzzer_led.o(.text.Buzzer_Task1ms)
    __arm_cp.5_1                             0x00000ed0   Number         4  buzzer_led.o(.text.Buzzer_Task1ms)
    __arm_cp.5_2                             0x00000ed4   Number         4  buzzer_led.o(.text.Buzzer_Task1ms)
    __arm_cp.5_3                             0x00000ed8   Number         4  buzzer_led.o(.text.Buzzer_Task1ms)
    __arm_cp.5_4                             0x00000edc   Number         4  buzzer_led.o(.text.Buzzer_Task1ms)
    Clock_Increment1Second                   0x00000ee1   Thumb Code   116  app.o(.text.Clock_Increment1Second)
    [Anonymous Symbol]                       0x00000ee0   Section        0  app.o(.text.Clock_Increment1Second)
    __arm_cp.14_0                            0x00000f54   Number         4  app.o(.text.Clock_Increment1Second)
    __arm_cp.14_1                            0x00000f58   Number         4  app.o(.text.Clock_Increment1Second)
    [Anonymous Symbol]                       0x00000f5c   Section        0  clock.o(.text.Clock_Init_48MHz_IHRC)
    __arm_cp.0_0                             0x00000f8c   Number         4  clock.o(.text.Clock_Init_48MHz_IHRC)
    __arm_cp.0_1                             0x00000f90   Number         4  clock.o(.text.Clock_Init_48MHz_IHRC)
    __arm_cp.0_2                             0x00000f94   Number         4  clock.o(.text.Clock_Init_48MHz_IHRC)
    __arm_cp.0_3                             0x00000f98   Number         4  clock.o(.text.Clock_Init_48MHz_IHRC)
    __arm_cp.0_4                             0x00000f9c   Number         4  clock.o(.text.Clock_Init_48MHz_IHRC)
    Display_AllComOff                        0x00000fa1   Thumb Code    68  display7seg.o(.text.Display_AllComOff)
    [Anonymous Symbol]                       0x00000fa0   Section        0  display7seg.o(.text.Display_AllComOff)
    [Anonymous Symbol]                       0x00000fe4   Section        0  display7seg.o(.text.Display_Scan1ms)
    __arm_cp.1_1                             0x0000109c   Number         4  display7seg.o(.text.Display_Scan1ms)
    __arm_cp.1_4                             0x000010a0   Number         4  display7seg.o(.text.Display_Scan1ms)
    __arm_cp.1_6                             0x000010a4   Number         4  display7seg.o(.text.Display_Scan1ms)
    [Anonymous Symbol]                       0x000010a8   Section        0  display7seg.o(.text.Display_SetBlinkOn)
    __arm_cp.0_0                             0x000010c0   Number         4  display7seg.o(.text.Display_SetBlinkOn)
    [Anonymous Symbol]                       0x000010c4   Section        0  display7seg.o(.text.Display_ShowTime)
    __arm_cp.4_0                             0x0000112c   Number         4  display7seg.o(.text.Display_ShowTime)
    __arm_cp.4_1                             0x00001130   Number         4  display7seg.o(.text.Display_ShowTime)
    __arm_cp.4_2                             0x00001134   Number         4  display7seg.o(.text.Display_ShowTime)
    Display_WriteSegments                    0x00001139   Thumb Code    80  display7seg.o(.text.Display_WriteSegments)
    [Anonymous Symbol]                       0x00001138   Section        0  display7seg.o(.text.Display_WriteSegments)
    __arm_cp.3_0                             0x00001188   Number         4  display7seg.o(.text.Display_WriteSegments)
    [Anonymous Symbol]                       0x0000118c   Section        0  eeprom.o(.text.EEPROM_ReadByte)
    [Anonymous Symbol]                       0x000011c8   Section        0  eeprom.o(.text.EEPROM_WriteByte)
    __arm_cp.1_0                             0x00001234   Number         4  eeprom.o(.text.EEPROM_WriteByte)
    ExitToNormal                             0x00001239   Thumb Code    20  app.o(.text.ExitToNormal)
    [Anonymous Symbol]                       0x00001238   Section        0  app.o(.text.ExitToNormal)
    __arm_cp.5_1                             0x0000124c   Number         4  app.o(.text.ExitToNormal)
    Flash_ErasePage                          0x00001251   Thumb Code    48  eeprom.o(.text.Flash_ErasePage)
    [Anonymous Symbol]                       0x00001250   Section        0  eeprom.o(.text.Flash_ErasePage)
    Flash_ProgramPage                        0x00001281   Thumb Code   176  eeprom.o(.text.Flash_ProgramPage)
    [Anonymous Symbol]                       0x00001280   Section        0  eeprom.o(.text.Flash_ProgramPage)
    __arm_cp.3_1                             0x00001330   Number         4  eeprom.o(.text.Flash_ProgramPage)
    __arm_cp.3_2                             0x00001334   Number         4  eeprom.o(.text.Flash_ProgramPage)
    __arm_cp.3_3                             0x00001338   Number         4  eeprom.o(.text.Flash_ProgramPage)
    Flash_WaitDone                           0x0000133d   Thumb Code    20  eeprom.o(.text.Flash_WaitDone)
    [Anonymous Symbol]                       0x0000133c   Section        0  eeprom.o(.text.Flash_WaitDone)
    __arm_cp.4_0                             0x00001350   Number         4  eeprom.o(.text.Flash_WaitDone)
    InAlarmEditMode                          0x00001355   Thumb Code    40  app.o(.text.InAlarmEditMode)
    [Anonymous Symbol]                       0x00001354   Section        0  app.o(.text.InAlarmEditMode)
    InEditMode                               0x0000137d   Thumb Code    12  app.o(.text.InEditMode)
    [Anonymous Symbol]                       0x0000137c   Section        0  app.o(.text.InEditMode)
    __arm_cp.4_0                             0x00001388   Number         4  app.o(.text.InEditMode)
    Keypad_ReadRaw                           0x0000138d   Thumb Code   156  keypad.o(.text.Keypad_ReadRaw)
    [Anonymous Symbol]                       0x0000138c   Section        0  keypad.o(.text.Keypad_ReadRaw)
    __arm_cp.1_0                             0x00001428   Number         4  keypad.o(.text.Keypad_ReadRaw)
    __arm_cp.1_1                             0x0000142c   Number         4  keypad.o(.text.Keypad_ReadRaw)
    [Anonymous Symbol]                       0x00001430   Section        0  keypad.o(.text.Keypad_Task10ms)
    __arm_cp.0_0                             0x000014b0   Number         4  keypad.o(.text.Keypad_Task10ms)
    __arm_cp.0_1                             0x000014b4   Number         4  keypad.o(.text.Keypad_Task10ms)
    __arm_cp.0_2                             0x000014b8   Number         4  keypad.o(.text.Keypad_Task10ms)
    [Anonymous Symbol]                       0x000014bc   Section        0  buzzer_led.o(.text.LedD6_Set)
    __arm_cp.2_0                             0x000014e4   Number         4  buzzer_led.o(.text.LedD6_Set)
    [Anonymous Symbol]                       0x000014e8   Section        0  rtc.o(.text.RTC_ConsumeSecondFlag)
    [Anonymous Symbol]                       0x00001514   Section        0  rtc.o(.text.RTC_IRQHandler)
    [Anonymous Symbol]                       0x00001518   Section        0  rtc.o(.text.RTC_Init_1Hz_ELS)
    [Anonymous Symbol]                       0x00001524   Section        0  rtc.o(.text.RTC_Tick1ms)
    __arm_cp.1_0                             0x00001548   Number         4  rtc.o(.text.RTC_Tick1ms)
    __arm_cp.1_1                             0x0000154c   Number         4  rtc.o(.text.RTC_Tick1ms)
    Row_DriveLow                             0x00001551   Thumb Code    72  keypad.o(.text.Row_DriveLow)
    [Anonymous Symbol]                       0x00001550   Section        0  keypad.o(.text.Row_DriveLow)
    Row_ReleaseAll                           0x00001599   Thumb Code   100  keypad.o(.text.Row_ReleaseAll)
    [Anonymous Symbol]                       0x00001598   Section        0  keypad.o(.text.Row_ReleaseAll)
    __arm_cp.2_0                             0x000015fc   Number         4  keypad.o(.text.Row_ReleaseAll)
    SmallDelay                               0x00001601   Thumb Code    32  keypad.o(.text.SmallDelay)
    [Anonymous Symbol]                       0x00001600   Section        0  keypad.o(.text.SmallDelay)
    SysTick_Config                           0x00001621   Thumb Code    68  systick.o(.text.SysTick_Config)
    [Anonymous Symbol]                       0x00001620   Section        0  systick.o(.text.SysTick_Config)
    __arm_cp.1_0                             0x00001664   Number         4  systick.o(.text.SysTick_Config)
    __arm_cp.1_1                             0x00001668   Number         4  systick.o(.text.SysTick_Config)
    __arm_cp.1_2                             0x0000166c   Number         4  systick.o(.text.SysTick_Config)
    [Anonymous Symbol]                       0x00001670   Section        0  systick.o(.text.SysTick_Handler)
    __arm_cp.2_0                             0x000016ac   Number         4  systick.o(.text.SysTick_Handler)
    __arm_cp.2_1                             0x000016b0   Number         4  systick.o(.text.SysTick_Handler)
    __arm_cp.2_2                             0x000016b4   Number         4  systick.o(.text.SysTick_Handler)
    __arm_cp.2_3                             0x000016b8   Number         4  systick.o(.text.SysTick_Handler)
    [Anonymous Symbol]                       0x000016bc   Section        0  systick.o(.text.SysTick_Init1ms)
    __arm_cp.0_0                             0x000016c8   Number         4  systick.o(.text.SysTick_Init1ms)
    __NVIC_SetPriority                       0x000016cd   Thumb Code   124  systick.o(.text.__NVIC_SetPriority)
    [Anonymous Symbol]                       0x000016cc   Section        0  systick.o(.text.__NVIC_SetPriority)
    __arm_cp.4_0                             0x00001748   Number         4  systick.o(.text.__NVIC_SetPriority)
    __arm_cp.4_1                             0x0000174c   Number         4  systick.o(.text.__NVIC_SetPriority)
    gpio_BCLR                                0x00001751   Thumb Code    80  gpio.o(.text.gpio_BCLR)
    [Anonymous Symbol]                       0x00001750   Section        0  gpio.o(.text.gpio_BCLR)
    __arm_cp.8_0                             0x000017a0   Number         4  gpio.o(.text.gpio_BCLR)
    __arm_cp.8_1                             0x000017a4   Number         4  gpio.o(.text.gpio_BCLR)
    __arm_cp.8_2                             0x000017a8   Number         4  gpio.o(.text.gpio_BCLR)
    __arm_cp.8_3                             0x000017ac   Number         4  gpio.o(.text.gpio_BCLR)
    gpio_BSET                                0x000017b1   Thumb Code    80  gpio.o(.text.gpio_BSET)
    [Anonymous Symbol]                       0x000017b0   Section        0  gpio.o(.text.gpio_BSET)
    __arm_cp.6_0                             0x00001800   Number         4  gpio.o(.text.gpio_BSET)
    __arm_cp.6_1                             0x00001804   Number         4  gpio.o(.text.gpio_BSET)
    __arm_cp.6_2                             0x00001808   Number         4  gpio.o(.text.gpio_BSET)
    __arm_cp.6_3                             0x0000180c   Number         4  gpio.o(.text.gpio_BSET)
    gpio_CFG                                 0x00001811   Thumb Code    80  gpio.o(.text.gpio_CFG)
    [Anonymous Symbol]                       0x00001810   Section        0  gpio.o(.text.gpio_CFG)
    __arm_cp.1_0                             0x00001860   Number         4  gpio.o(.text.gpio_CFG)
    __arm_cp.1_1                             0x00001864   Number         4  gpio.o(.text.gpio_CFG)
    __arm_cp.1_2                             0x00001868   Number         4  gpio.o(.text.gpio_CFG)
    __arm_cp.1_3                             0x0000186c   Number         4  gpio.o(.text.gpio_CFG)
    gpio_DATA                                0x00001871   Thumb Code    80  gpio.o(.text.gpio_DATA)
    [Anonymous Symbol]                       0x00001870   Section        0  gpio.o(.text.gpio_DATA)
    __arm_cp.11_0                            0x000018c0   Number         4  gpio.o(.text.gpio_DATA)
    __arm_cp.11_1                            0x000018c4   Number         4  gpio.o(.text.gpio_DATA)
    __arm_cp.11_2                            0x000018c8   Number         4  gpio.o(.text.gpio_DATA)
    __arm_cp.11_3                            0x000018cc   Number         4  gpio.o(.text.gpio_DATA)
    gpio_MODE                                0x000018d1   Thumb Code    80  gpio.o(.text.gpio_MODE)
    [Anonymous Symbol]                       0x000018d0   Section        0  gpio.o(.text.gpio_MODE)
    __arm_cp.3_0                             0x00001920   Number         4  gpio.o(.text.gpio_MODE)
    __arm_cp.3_1                             0x00001924   Number         4  gpio.o(.text.gpio_MODE)
    __arm_cp.3_2                             0x00001928   Number         4  gpio.o(.text.gpio_MODE)
    __arm_cp.3_3                             0x0000192c   Number         4  gpio.o(.text.gpio_MODE)
    [Anonymous Symbol]                       0x00001930   Section        0  gpio.o(.text.gpio_cfg)
    [Anonymous Symbol]                       0x0000196a   Section        0  gpio.o(.text.gpio_clr)
    [Anonymous Symbol]                       0x0000198e   Section        0  gpio.o(.text.gpio_input)
    [Anonymous Symbol]                       0x000019b6   Section        0  gpio.o(.text.gpio_output)
    [Anonymous Symbol]                       0x000019de   Section        0  gpio.o(.text.gpio_read)
    [Anonymous Symbol]                       0x00001a02   Section        0  gpio.o(.text.gpio_set)
    [Anonymous Symbol]                       0x00001a26   Section        0  gpio.o(.text.gpio_write)
    [Anonymous Symbol]                       0x00001a60   Section        0  main.o(.text.main)
    __arm_cp.0_0                             0x00001acc   Number         4  main.o(.text.main)
    __arm_cp.0_1                             0x00001ad0   Number         4  main.o(.text.main)
    KEY_MAP                                  0x00001afc   Data          16  keypad.o(.rodata.KEY_MAP)
    [Anonymous Symbol]                       0x00001afc   Section        0  keypad.o(.rodata.KEY_MAP)
    SEG_LUT                                  0x00001b0e   Data          10  display7seg.o(.rodata.SEG_LUT)
    [Anonymous Symbol]                       0x00001b0e   Section        0  display7seg.o(.rodata.SEG_LUT)
    .ARM.__at_0x00007FFC                     0x00007ffc   Section        4  startup_sn32f400.o(.ARM.__at_0x00007FFC)
    s_blink_on                               0x20000000   Data           1  app.o(.data.s_blink_on)
    [Anonymous Symbol]                       0x20000000   Section        0  app.o(.data.s_blink_on)
    s_blink_on                               0x20000001   Data           1  display7seg.o(.data.s_blink_on)
    [Anonymous Symbol]                       0x20000001   Section        0  display7seg.o(.data.s_blink_on)
    s_disp_dp_mask                           0x20000002   Data           1  display7seg.o(.data.s_disp_dp_mask)
    [Anonymous Symbol]                       0x20000002   Section        0  display7seg.o(.data.s_disp_dp_mask)
    .bss                                     0x20000008   Section       96  libspace.o(.bss)
    App_Task1ms.blink_ms                     0x20000068   Data           2  app.o(.bss.App_Task1ms.blink_ms)
    [Anonymous Symbol]                       0x20000068   Section        0  app.o(.bss.App_Task1ms.blink_ms)
    Display_Scan1ms.index                    0x2000006a   Data           1  display7seg.o(.bss.Display_Scan1ms.index)
    [Anonymous Symbol]                       0x2000006a   Section        0  display7seg.o(.bss.Display_Scan1ms.index)
    Keypad_Task10ms.count                    0x2000006b   Data           1  keypad.o(.bss.Keypad_Task10ms.count)
    [Anonymous Symbol]                       0x2000006b   Section        0  keypad.o(.bss.Keypad_Task10ms.count)
    Keypad_Task10ms.last_raw                 0x2000006c   Data           1  keypad.o(.bss.Keypad_Task10ms.last_raw)
    [Anonymous Symbol]                       0x2000006c   Section        0  keypad.o(.bss.Keypad_Task10ms.last_raw)
    Keypad_Task10ms.stable                   0x2000006d   Data           1  keypad.o(.bss.Keypad_Task10ms.stable)
    [Anonymous Symbol]                       0x2000006d   Section        0  keypad.o(.bss.Keypad_Task10ms.stable)
    s_1s_divider                             0x20000074   Data           2  rtc.o(.bss.s_1s_divider)
    [Anonymous Symbol]                       0x20000074   Section        0  rtc.o(.bss.s_1s_divider)
    s_alarm                                  0x20000076   Data           3  app.o(.bss.s_alarm)
    [Anonymous Symbol]                       0x20000076   Section        0  app.o(.bss.s_alarm)
    s_alarm_buz_on                           0x20000079   Data           1  buzzer_led.o(.bss.s_alarm_buz_on)
    [Anonymous Symbol]                       0x20000079   Section        0  buzzer_led.o(.bss.s_alarm_buz_on)
    s_alarm_edit                             0x2000007a   Data           3  app.o(.bss.s_alarm_edit)
    [Anonymous Symbol]                       0x2000007a   Section        0  app.o(.bss.s_alarm_edit)
    s_alarm_ms                               0x2000007e   Data           2  buzzer_led.o(.bss.s_alarm_ms)
    [Anonymous Symbol]                       0x2000007e   Section        0  buzzer_led.o(.bss.s_alarm_ms)
    s_alarm_phase_ms                         0x20000080   Data           2  buzzer_led.o(.bss.s_alarm_phase_ms)
    [Anonymous Symbol]                       0x20000080   Section        0  buzzer_led.o(.bss.s_alarm_phase_ms)
    s_buzzer_hw_ready                        0x20000082   Data           1  buzzer_led.o(.bss.s_buzzer_hw_ready)
    [Anonymous Symbol]                       0x20000082   Section        0  buzzer_led.o(.bss.s_buzzer_hw_ready)
    s_disp_blink_mask                        0x20000083   Data           1  display7seg.o(.bss.s_disp_blink_mask)
    [Anonymous Symbol]                       0x20000083   Section        0  display7seg.o(.bss.s_disp_blink_mask)
    s_disp_digits                            0x20000084   Data           4  display7seg.o(.bss.s_disp_digits)
    [Anonymous Symbol]                       0x20000084   Section        0  display7seg.o(.bss.s_disp_digits)
    s_idle_ms                                0x20000088   Data           4  app.o(.bss.s_idle_ms)
    [Anonymous Symbol]                       0x20000088   Section        0  app.o(.bss.s_idle_ms)
    s_mode                                   0x2000008c   Data           1  app.o(.bss.s_mode)
    [Anonymous Symbol]                       0x2000008c   Section        0  app.o(.bss.s_mode)
    s_now                                    0x2000008d   Data           3  app.o(.bss.s_now)
    [Anonymous Symbol]                       0x2000008d   Section        0  app.o(.bss.s_now)
    s_page_words                             0x20000090   Data         512  eeprom.o(.bss.s_page_words)
    [Anonymous Symbol]                       0x20000090   Section        0  eeprom.o(.bss.s_page_words)
    s_pip_ms                                 0x20000290   Data           2  buzzer_led.o(.bss.s_pip_ms)
    [Anonymous Symbol]                       0x20000290   Section        0  buzzer_led.o(.bss.s_pip_ms)
    s_rtc_second_flag                        0x20000292   Data           1  rtc.o(.bss.s_rtc_second_flag)
    [Anonymous Symbol]                       0x20000292   Section        0  rtc.o(.bss.s_rtc_second_flag)
    Heap_Mem                                 0x20000298   Data           0  startup_sn32f400.o(HEAP)
    Stack_Mem                                0x20000298   Data         512  startup_sn32f400.o(STACK)
    HEAP                                     0x20000298   Section        0  startup_sn32f400.o(HEAP)
    STACK                                    0x20000298   Section      512  startup_sn32f400.o(STACK)
    __initial_sp                             0x20000498   Data           0  startup_sn32f400.o(STACK)

    Global Symbols

    Symbol Name                              Value     Ov Type        Size  Object(Section)

    BuildAttributes$$THM_ISAv3M$S$PE$A:L22$X:L11$S22$IEEE1$IW$~IW$USESV6$~STKCKD$USESV7$~SHL$OSPACE$ROPI$EBA8$UX$STANDARDLIB$REQ8$PRES8$EABIv2 0x00000000   Number         0  anon$$obj.o ABSOLUTE
    __Vectors                                0x00000000   Data           4  startup_sn32f400.o(RESET)
    __ARM_exceptions_init                     - Undefined Weak Reference
    __alloca_initialize                       - Undefined Weak Reference
    __arm_preinit_                            - Undefined Weak Reference
    __arm_relocate_pie_                       - Undefined Weak Reference
    __cpp_initialize__aeabi_                  - Undefined Weak Reference
    __cxa_finalize                            - Undefined Weak Reference
    __rt_locale                               - Undefined Weak Reference
    __sigvec_lookup                           - Undefined Weak Reference
    _atexit_init                              - Undefined Weak Reference
    _call_atexit_fns                          - Undefined Weak Reference
    _clock_init                               - Undefined Weak Reference
    _fp_trap_init                             - Undefined Weak Reference
    _fp_trap_shutdown                         - Undefined Weak Reference
    _get_lc_collate                           - Undefined Weak Reference
    _get_lc_ctype                             - Undefined Weak Reference
    _get_lc_monetary                          - Undefined Weak Reference
    _get_lc_numeric                           - Undefined Weak Reference
    _get_lc_time                              - Undefined Weak Reference
    _getenv_init                              - Undefined Weak Reference
    _handle_redirection                       - Undefined Weak Reference
    _init_alloc                               - Undefined Weak Reference
    _init_user_alloc                          - Undefined Weak Reference
    _initio                                   - Undefined Weak Reference
    _rand_init                                - Undefined Weak Reference
    _signal_finish                            - Undefined Weak Reference
    _signal_init                              - Undefined Weak Reference
    _terminate_alloc                          - Undefined Weak Reference
    _terminate_user_alloc                     - Undefined Weak Reference
    _terminateio                              - Undefined Weak Reference
    __main                                   0x000000c1   Thumb Code     8  __main.o(!!!main)
    __scatterload                            0x000000c9   Thumb Code     0  __scatter.o(!!!scatter)
    __scatterload_rt2                        0x000000c9   Thumb Code    74  __scatter.o(!!!scatter)
    __scatterload_rt2_thumb_only             0x000000c9   Thumb Code     0  __scatter.o(!!!scatter)
    __scatterload_loop                       0x000000d3   Thumb Code     0  __scatter.o(!!!scatter)
    __scatterload_copy                       0x0000011d   Thumb Code    26  __scatter_copy.o(!!handler_copy)
    __scatterload_null                       0x00000139   Thumb Code     2  __scatter.o(!!handler_null)
    __scatterload_zeroinit                   0x0000013d   Thumb Code    28  __scatter_zi.o(!!handler_zi)
    __rt_lib_init                            0x00000159   Thumb Code     0  libinit.o(.ARM.Collect$$libinit$$00000000)
    __rt_lib_init_alloca_1                   0x0000015b   Thumb Code     0  libinit2.o(.ARM.Collect$$libinit$$00000030)
    __rt_lib_init_argv_1                     0x0000015b   Thumb Code     0  libinit2.o(.ARM.Collect$$libinit$$0000002E)
    __rt_lib_init_atexit_1                   0x0000015b   Thumb Code     0  libinit2.o(.ARM.Collect$$libinit$$0000001D)
    __rt_lib_init_clock_1                    0x0000015b   Thumb Code     0  libinit2.o(.ARM.Collect$$libinit$$00000023)
    __rt_lib_init_cpp_1                      0x0000015b   Thumb Code     0  libinit2.o(.ARM.Collect$$libinit$$00000034)
    __rt_lib_init_exceptions_1               0x0000015b   Thumb Code     0  libinit2.o(.ARM.Collect$$libinit$$00000032)
    __rt_lib_init_fp_1                       0x0000015b   Thumb Code     0  libinit2.o(.ARM.Collect$$libinit$$00000002)
    __rt_lib_init_fp_trap_1                  0x0000015b   Thumb Code     0  libinit2.o(.ARM.Collect$$libinit$$00000021)
    __rt_lib_init_getenv_1                   0x0000015b   Thumb Code     0  libinit2.o(.ARM.Collect$$libinit$$00000025)
    __rt_lib_init_heap_1                     0x0000015b   Thumb Code     0  libinit2.o(.ARM.Collect$$libinit$$0000000C)
    __rt_lib_init_lc_collate_1               0x0000015b   Thumb Code     0  libinit2.o(.ARM.Collect$$libinit$$00000013)
    __rt_lib_init_lc_ctype_1                 0x0000015b   Thumb Code     0  libinit2.o(.ARM.Collect$$libinit$$00000015)
    __rt_lib_init_lc_monetary_1              0x0000015b   Thumb Code     0  libinit2.o(.ARM.Collect$$libinit$$00000017)
    __rt_lib_init_lc_numeric_1               0x0000015b   Thumb Code     0  libinit2.o(.ARM.Collect$$libinit$$00000019)
    __rt_lib_init_lc_time_1                  0x0000015b   Thumb Code     0  libinit2.o(.ARM.Collect$$libinit$$0000001B)
    __rt_lib_init_preinit_1                  0x0000015b   Thumb Code     0  libinit2.o(.ARM.Collect$$libinit$$00000006)
    __rt_lib_init_rand_1                     0x0000015b   Thumb Code     0  libinit2.o(.ARM.Collect$$libinit$$00000010)
    __rt_lib_init_relocate_pie_1             0x0000015b   Thumb Code     0  libinit2.o(.ARM.Collect$$libinit$$00000004)
    __rt_lib_init_return                     0x0000015b   Thumb Code     0  libinit2.o(.ARM.Collect$$libinit$$00000035)
    __rt_lib_init_signal_1                   0x0000015b   Thumb Code     0  libinit2.o(.ARM.Collect$$libinit$$0000001F)
    __rt_lib_init_stdio_1                    0x0000015b   Thumb Code     0  libinit2.o(.ARM.Collect$$libinit$$00000027)
    __rt_lib_init_user_alloc_1               0x0000015b   Thumb Code     0  libinit2.o(.ARM.Collect$$libinit$$0000000E)
    __rt_lib_shutdown                        0x0000015d   Thumb Code     0  libshutdown.o(.ARM.Collect$$libshutdown$$00000000)
    __rt_lib_shutdown_cpp_1                  0x0000015f   Thumb Code     0  libshutdown2.o(.ARM.Collect$$libshutdown$$00000002)
    __rt_lib_shutdown_fp_trap_1              0x0000015f   Thumb Code     0  libshutdown2.o(.ARM.Collect$$libshutdown$$00000007)
    __rt_lib_shutdown_heap_1                 0x0000015f   Thumb Code     0  libshutdown2.o(.ARM.Collect$$libshutdown$$0000000F)
    __rt_lib_shutdown_return                 0x0000015f   Thumb Code     0  libshutdown2.o(.ARM.Collect$$libshutdown$$00000010)
    __rt_lib_shutdown_signal_1               0x0000015f   Thumb Code     0  libshutdown2.o(.ARM.Collect$$libshutdown$$0000000A)
    __rt_lib_shutdown_stdio_1                0x0000015f   Thumb Code     0  libshutdown2.o(.ARM.Collect$$libshutdown$$00000004)
    __rt_lib_shutdown_user_alloc_1           0x0000015f   Thumb Code     0  libshutdown2.o(.ARM.Collect$$libshutdown$$0000000C)
    __rt_entry                               0x00000161   Thumb Code     0  __rtentry.o(.ARM.Collect$$rtentry$$00000000)
    __rt_entry_presh_1                       0x00000161   Thumb Code     0  __rtentry2.o(.ARM.Collect$$rtentry$$00000002)
    __rt_entry_sh                            0x00000161   Thumb Code     0  __rtentry4.o(.ARM.Collect$$rtentry$$00000004)
    __rt_entry_li                            0x00000167   Thumb Code     0  __rtentry2.o(.ARM.Collect$$rtentry$$0000000A)
    __rt_entry_postsh_1                      0x00000167   Thumb Code     0  __rtentry2.o(.ARM.Collect$$rtentry$$00000009)
    __rt_entry_main                          0x0000016b   Thumb Code     0  __rtentry2.o(.ARM.Collect$$rtentry$$0000000D)
    __rt_entry_postli_1                      0x0000016b   Thumb Code     0  __rtentry2.o(.ARM.Collect$$rtentry$$0000000C)
    __rt_exit                                0x00000173   Thumb Code     0  rtexit.o(.ARM.Collect$$rtexit$$00000000)
    __rt_exit_ls                             0x00000175   Thumb Code     0  rtexit2.o(.ARM.Collect$$rtexit$$00000003)
    __rt_exit_prels_1                        0x00000175   Thumb Code     0  rtexit2.o(.ARM.Collect$$rtexit$$00000002)
    __rt_exit_exit                           0x00000179   Thumb Code     0  rtexit2.o(.ARM.Collect$$rtexit$$00000004)
    Reset_Handler                            0x00000181   Thumb Code    10  startup_sn32f400.o(.text)
    NMI_Handler                              0x0000018b   Thumb Code     2  startup_sn32f400.o(.text)
    HardFault_Handler                        0x0000018d   Thumb Code     2  startup_sn32f400.o(.text)
    SVC_Handler                              0x0000018f   Thumb Code     2  startup_sn32f400.o(.text)
    PendSV_Handler                           0x00000191   Thumb Code     2  startup_sn32f400.o(.text)
    ADC_IRQHandler                           0x00000195   Thumb Code     0  startup_sn32f400.o(.text)
    ATAN_IRQHandler                          0x00000195   Thumb Code     0  startup_sn32f400.o(.text)
    CMP0_IRQHandler                          0x00000195   Thumb Code     0  startup_sn32f400.o(.text)
    CMP1_IRQHandler                          0x00000195   Thumb Code     0  startup_sn32f400.o(.text)
    CMP2_IRQHandler                          0x00000195   Thumb Code     0  startup_sn32f400.o(.text)
    CMP3_IRQHandler                          0x00000195   Thumb Code     0  startup_sn32f400.o(.text)
    CT16B0_IRQHandler                        0x00000195   Thumb Code     0  startup_sn32f400.o(.text)
    CT16B1_IRQHandler                        0x00000195   Thumb Code     0  startup_sn32f400.o(.text)
    CT16B5_IRQHandler                        0x00000195   Thumb Code     0  startup_sn32f400.o(.text)
    DIV_IRQHandler                           0x00000195   Thumb Code     0  startup_sn32f400.o(.text)
    DMA_IRQHandler                           0x00000195   Thumb Code     0  startup_sn32f400.o(.text)
    FOC_IRQHandler                           0x00000195   Thumb Code     0  startup_sn32f400.o(.text)
    I2C0_IRQHandler                          0x00000195   Thumb Code     0  startup_sn32f400.o(.text)
    LVD_IRQHandler                           0x00000195   Thumb Code     0  startup_sn32f400.o(.text)
    NDT_IRQHandler                           0x00000195   Thumb Code     0  startup_sn32f400.o(.text)
    P0_IRQHandler                            0x00000195   Thumb Code     0  startup_sn32f400.o(.text)
    P1_IRQHandler                            0x00000195   Thumb Code     0  startup_sn32f400.o(.text)
    P2_IRQHandler                            0x00000195   Thumb Code     0  startup_sn32f400.o(.text)
    P3_IRQHandler                            0x00000195   Thumb Code     0  startup_sn32f400.o(.text)
    SPI0_IRQHandler                          0x00000195   Thumb Code     0  startup_sn32f400.o(.text)
    SQRT_IRQHandler                          0x00000195   Thumb Code     0  startup_sn32f400.o(.text)
    UART0_IRQHandler                         0x00000195   Thumb Code     0  startup_sn32f400.o(.text)
    UART1_IRQHandler                         0x00000195   Thumb Code     0  startup_sn32f400.o(.text)
    WDT_IRQHandler                           0x00000195   Thumb Code     0  startup_sn32f400.o(.text)
    __user_initial_stackheap                 0x00000199   Thumb Code     0  startup_sn32f400.o(.text)
    __aeabi_uidiv                            0x000001bd   Thumb Code     0  aeabi_sdiv.o(.text)
    __aeabi_uidivmod                         0x000001bd   Thumb Code    20  aeabi_sdiv.o(.text)
    __aeabi_idiv                             0x000001d1   Thumb Code     0  aeabi_sdiv.o(.text)
    __aeabi_idivmod                          0x000001d1   Thumb Code   338  aeabi_sdiv.o(.text)
    __use_two_region_memory                  0x00000329   Thumb Code     2  heapauxi.o(.text)
    __rt_heap_escrow$2region                 0x0000032b   Thumb Code     2  heapauxi.o(.text)
    __rt_heap_expand$2region                 0x0000032d   Thumb Code     2  heapauxi.o(.text)
    __user_setup_stackheap                   0x0000032f   Thumb Code    62  sys_stackheap_outer.o(.text)
    exit                                     0x0000036d   Thumb Code    16  exit.o(.text)
    __user_libspace                          0x0000037d   Thumb Code     8  libspace.o(.text)
    __user_perproc_libspace                  0x0000037d   Thumb Code     0  libspace.o(.text)
    __user_perthread_libspace                0x0000037d   Thumb Code     0  libspace.o(.text)
    _sys_exit                                0x00000385   Thumb Code     8  sys_exit.o(.text)
    __I$use$semihosting                      0x00000391   Thumb Code     0  use_no_semi.o(.text)
    __use_no_semihosting_swi                 0x00000391   Thumb Code     2  use_no_semi.o(.text)
    __semihosting_library_function           0x00000393   Thumb Code     0  indicate_semi.o(.text)
    App_HandleKeys                           0x000004a9   Thumb Code   820  app.o(.text.App_HandleKeys)
    App_Init                                 0x000007dd   Thumb Code    68  app.o(.text.App_Init)
    App_OnRtcSecond                          0x000008c5   Thumb Code     8  app.o(.text.App_OnRtcSecond)
    App_Task1ms                              0x00000921   Thumb Code   128  app.o(.text.App_Task1ms)
    Board_GPIO_Init                          0x00000a99   Thumb Code   548  board.o(.text.Board_GPIO_Init)
    Buzzer_AlarmStart5s                      0x00000cd1   Thumb Code    24  buzzer_led.o(.text.Buzzer_AlarmStart5s)
    Buzzer_AlarmStop                         0x00000ced   Thumb Code    24  buzzer_led.o(.text.Buzzer_AlarmStop)
    Buzzer_IsAlarmRinging                    0x00000d7d   Thumb Code    12  buzzer_led.o(.text.Buzzer_IsAlarmRinging)
    Buzzer_Pip300ms                          0x00000d89   Thumb Code    24  buzzer_led.o(.text.Buzzer_Pip300ms)
    Buzzer_Set                               0x00000da1   Thumb Code    40  buzzer_led.o(.text.Buzzer_Set)
    Buzzer_Task1ms                           0x00000e15   Thumb Code   184  buzzer_led.o(.text.Buzzer_Task1ms)
    Clock_Init_48MHz_IHRC                    0x00000f5d   Thumb Code    48  clock.o(.text.Clock_Init_48MHz_IHRC)
    Display_Scan1ms                          0x00000fe5   Thumb Code   184  display7seg.o(.text.Display_Scan1ms)
    Display_SetBlinkOn                       0x000010a9   Thumb Code    24  display7seg.o(.text.Display_SetBlinkOn)
    Display_ShowTime                         0x000010c5   Thumb Code   104  display7seg.o(.text.Display_ShowTime)
    EEPROM_ReadByte                          0x0000118d   Thumb Code    58  eeprom.o(.text.EEPROM_ReadByte)
    EEPROM_WriteByte                         0x000011c9   Thumb Code   108  eeprom.o(.text.EEPROM_WriteByte)
    Keypad_Task10ms                          0x00001431   Thumb Code   128  keypad.o(.text.Keypad_Task10ms)
    LedD6_Set                                0x000014bd   Thumb Code    40  buzzer_led.o(.text.LedD6_Set)
    RTC_ConsumeSecondFlag                    0x000014e9   Thumb Code    44  rtc.o(.text.RTC_ConsumeSecondFlag)
    RTC_IRQHandler                           0x00001515   Thumb Code     2  rtc.o(.text.RTC_IRQHandler)
    RTC_Init_1Hz_ELS                         0x00001519   Thumb Code    12  rtc.o(.text.RTC_Init_1Hz_ELS)
    RTC_Tick1ms                              0x00001525   Thumb Code    36  rtc.o(.text.RTC_Tick1ms)
    SysTick_Handler                          0x00001671   Thumb Code    60  systick.o(.text.SysTick_Handler)
    SysTick_Init1ms                          0x000016bd   Thumb Code    12  systick.o(.text.SysTick_Init1ms)
    gpio_cfg                                 0x00001931   Thumb Code    58  gpio.o(.text.gpio_cfg)
    gpio_clr                                 0x0000196b   Thumb Code    36  gpio.o(.text.gpio_clr)
    gpio_input                               0x0000198f   Thumb Code    40  gpio.o(.text.gpio_input)
    gpio_output                              0x000019b7   Thumb Code    40  gpio.o(.text.gpio_output)
    gpio_read                                0x000019df   Thumb Code    36  gpio.o(.text.gpio_read)
    gpio_set                                 0x00001a03   Thumb Code    36  gpio.o(.text.gpio_set)
    gpio_write                               0x00001a27   Thumb Code    58  gpio.o(.text.gpio_write)
    main                                     0x00001a61   Thumb Code   108  main.o(.text.main)
    BOARD_COL                                0x00001ad4   Data           8  board.o(.rodata.BOARD_COL)
    BOARD_COM                                0x00001adc   Data           8  board.o(.rodata.BOARD_COM)
    BOARD_ROW                                0x00001ae4   Data           8  board.o(.rodata.BOARD_ROW)
    BOARD_SEG                                0x00001aec   Data          16  board.o(.rodata.BOARD_SEG)
    PIN_LED_D6                               0x00001b0c   Data           2  board.o(.rodata.PIN_LED_D6)
    Region$$Table$$Base                      0x00001b18   Number         0  anon$$obj.o(Region$$Table)
    Region$$Table$$Limit                     0x00001b38   Number         0  anon$$obj.o(Region$$Table)
    __libspace_start                         0x20000008   Data          96  libspace.o(.bss)
    __temporary_stack_top$libspace           0x20000068   Data           0  libspace.o(.bss)
    g_flag_10ms                              0x2000006e   Data           1  systick.o(.bss.g_flag_10ms)
    g_ms                                     0x20000070   Data           4  systick.o(.bss.g_ms)



==============================================================================

Memory Map of the image

  Image Entry point : 0x000000c1

  Load Region LR_IROM1 (Base: 0x00000000, Size: 0x00001b40, Max: 0x00007ffc, ABSOLUTE)

    Execution Region ER_IROM1 (Exec base: 0x00000000, Load base: 0x00000000, Size: 0x00001b38, Max: 0x00007ffc, ABSOLUTE)

    Exec Addr    Load Addr    Size         Type   Attr      Idx    E Section Name        Object

    0x00000000   0x00000000   0x000000c0   Data   RO          260    RESET               startup_sn32f400.o
    0x000000c0   0x000000c0   0x00000008   Code   RO          290  * !!!main             c_p.l(__main.o)
    0x000000c8   0x000000c8   0x00000054   Code   RO          467    !!!scatter          c_p.l(__scatter.o)
    0x0000011c   0x0000011c   0x0000001a   Code   RO          471    !!handler_copy      c_p.l(__scatter_copy.o)
    0x00000136   0x00000136   0x00000002   PAD
    0x00000138   0x00000138   0x00000002   Code   RO          468    !!handler_null      c_p.l(__scatter.o)
    0x0000013a   0x0000013a   0x00000002   PAD
    0x0000013c   0x0000013c   0x0000001c   Code   RO          473    !!handler_zi        c_p.l(__scatter_zi.o)
    0x00000158   0x00000158   0x00000002   Code   RO          328    .ARM.Collect$$libinit$$00000000  c_p.l(libinit.o)
    0x0000015a   0x0000015a   0x00000000   Code   RO          342    .ARM.Collect$$libinit$$00000002  c_p.l(libinit2.o)
    0x0000015a   0x0000015a   0x00000000   Code   RO          344    .ARM.Collect$$libinit$$00000004  c_p.l(libinit2.o)
    0x0000015a   0x0000015a   0x00000000   Code   RO          346    .ARM.Collect$$libinit$$00000006  c_p.l(libinit2.o)
    0x0000015a   0x0000015a   0x00000000   Code   RO          349    .ARM.Collect$$libinit$$0000000C  c_p.l(libinit2.o)
    0x0000015a   0x0000015a   0x00000000   Code   RO          351    .ARM.Collect$$libinit$$0000000E  c_p.l(libinit2.o)
    0x0000015a   0x0000015a   0x00000000   Code   RO          353    .ARM.Collect$$libinit$$00000010  c_p.l(libinit2.o)
    0x0000015a   0x0000015a   0x00000000   Code   RO          356    .ARM.Collect$$libinit$$00000013  c_p.l(libinit2.o)
    0x0000015a   0x0000015a   0x00000000   Code   RO          358    .ARM.Collect$$libinit$$00000015  c_p.l(libinit2.o)
    0x0000015a   0x0000015a   0x00000000   Code   RO          360    .ARM.Collect$$libinit$$00000017  c_p.l(libinit2.o)
    0x0000015a   0x0000015a   0x00000000   Code   RO          362    .ARM.Collect$$libinit$$00000019  c_p.l(libinit2.o)
    0x0000015a   0x0000015a   0x00000000   Code   RO          364    .ARM.Collect$$libinit$$0000001B  c_p.l(libinit2.o)
    0x0000015a   0x0000015a   0x00000000   Code   RO          366    .ARM.Collect$$libinit$$0000001D  c_p.l(libinit2.o)
    0x0000015a   0x0000015a   0x00000000   Code   RO          368    .ARM.Collect$$libinit$$0000001F  c_p.l(libinit2.o)
    0x0000015a   0x0000015a   0x00000000   Code   RO          370    .ARM.Collect$$libinit$$00000021  c_p.l(libinit2.o)
    0x0000015a   0x0000015a   0x00000000   Code   RO          372    .ARM.Collect$$libinit$$00000023  c_p.l(libinit2.o)
    0x0000015a   0x0000015a   0x00000000   Code   RO          374    .ARM.Collect$$libinit$$00000025  c_p.l(libinit2.o)
    0x0000015a   0x0000015a   0x00000000   Code   RO          376    .ARM.Collect$$libinit$$00000027  c_p.l(libinit2.o)
    0x0000015a   0x0000015a   0x00000000   Code   RO          380    .ARM.Collect$$libinit$$0000002E  c_p.l(libinit2.o)
    0x0000015a   0x0000015a   0x00000000   Code   RO          382    .ARM.Collect$$libinit$$00000030  c_p.l(libinit2.o)
    0x0000015a   0x0000015a   0x00000000   Code   RO          384    .ARM.Collect$$libinit$$00000032  c_p.l(libinit2.o)
    0x0000015a   0x0000015a   0x00000000   Code   RO          386    .ARM.Collect$$libinit$$00000034  c_p.l(libinit2.o)
    0x0000015a   0x0000015a   0x00000002   Code   RO          387    .ARM.Collect$$libinit$$00000035  c_p.l(libinit2.o)
    0x0000015c   0x0000015c   0x00000002   Code   RO          422    .ARM.Collect$$libshutdown$$00000000  c_p.l(libshutdown.o)
    0x0000015e   0x0000015e   0x00000000   Code   RO          450    .ARM.Collect$$libshutdown$$00000002  c_p.l(libshutdown2.o)
    0x0000015e   0x0000015e   0x00000000   Code   RO          452    .ARM.Collect$$libshutdown$$00000004  c_p.l(libshutdown2.o)
    0x0000015e   0x0000015e   0x00000000   Code   RO          455    .ARM.Collect$$libshutdown$$00000007  c_p.l(libshutdown2.o)
    0x0000015e   0x0000015e   0x00000000   Code   RO          458    .ARM.Collect$$libshutdown$$0000000A  c_p.l(libshutdown2.o)
    0x0000015e   0x0000015e   0x00000000   Code   RO          460    .ARM.Collect$$libshutdown$$0000000C  c_p.l(libshutdown2.o)
    0x0000015e   0x0000015e   0x00000000   Code   RO          463    .ARM.Collect$$libshutdown$$0000000F  c_p.l(libshutdown2.o)
    0x0000015e   0x0000015e   0x00000002   Code   RO          464    .ARM.Collect$$libshutdown$$00000010  c_p.l(libshutdown2.o)
    0x00000160   0x00000160   0x00000000   Code   RO          292    .ARM.Collect$$rtentry$$00000000  c_p.l(__rtentry.o)
    0x00000160   0x00000160   0x00000000   Code   RO          298    .ARM.Collect$$rtentry$$00000002  c_p.l(__rtentry2.o)
    0x00000160   0x00000160   0x00000006   Code   RO          310    .ARM.Collect$$rtentry$$00000004  c_p.l(__rtentry4.o)
    0x00000166   0x00000166   0x00000000   Code   RO          300    .ARM.Collect$$rtentry$$00000009  c_p.l(__rtentry2.o)
    0x00000166   0x00000166   0x00000004   Code   RO          301    .ARM.Collect$$rtentry$$0000000A  c_p.l(__rtentry2.o)
    0x0000016a   0x0000016a   0x00000000   Code   RO          303    .ARM.Collect$$rtentry$$0000000C  c_p.l(__rtentry2.o)
    0x0000016a   0x0000016a   0x00000008   Code   RO          304    .ARM.Collect$$rtentry$$0000000D  c_p.l(__rtentry2.o)
    0x00000172   0x00000172   0x00000002   Code   RO          333    .ARM.Collect$$rtexit$$00000000  c_p.l(rtexit.o)
    0x00000174   0x00000174   0x00000000   Code   RO          393    .ARM.Collect$$rtexit$$00000002  c_p.l(rtexit2.o)
    0x00000174   0x00000174   0x00000004   Code   RO          394    .ARM.Collect$$rtexit$$00000003  c_p.l(rtexit2.o)
    0x00000178   0x00000178   0x00000006   Code   RO          395    .ARM.Collect$$rtexit$$00000004  c_p.l(rtexit2.o)
    0x0000017e   0x0000017e   0x00000002   PAD
    0x00000180   0x00000180   0x0000003c   Code   RO          262    .text               startup_sn32f400.o
    0x000001bc   0x000001bc   0x0000016c   Code   RO          284    .text               c_p.l(aeabi_sdiv.o)
    0x00000328   0x00000328   0x00000006   Code   RO          288    .text               c_p.l(heapauxi.o)
    0x0000032e   0x0000032e   0x0000003e   Code   RO          314    .text               c_p.l(sys_stackheap_outer.o)
    0x0000036c   0x0000036c   0x00000010   Code   RO          317    .text               c_p.l(exit.o)
    0x0000037c   0x0000037c   0x00000008   Code   RO          329    .text               c_p.l(libspace.o)
    0x00000384   0x00000384   0x0000000c   Code   RO          388    .text               c_p.l(sys_exit.o)
    0x00000390   0x00000390   0x00000002   Code   RO          411    .text               c_p.l(use_no_semi.o)
    0x00000392   0x00000392   0x00000000   Code   RO          413    .text               c_p.l(indicate_semi.o)
    0x00000392   0x00000392   0x0000002e   Code   RO           16    .text.AdjustHour    app.o
    0x000003c0   0x000003c0   0x0000005c   Code   RO           20    .text.AdjustHourStep  app.o
    0x0000041c   0x0000041c   0x0000002e   Code   RO           18    .text.AdjustMinute  app.o
    0x0000044a   0x0000044a   0x0000005c   Code   RO           22    .text.AdjustMinuteStep  app.o
    0x000004a6   0x000004a6   0x00000002   PAD
    0x000004a8   0x000004a8   0x00000334   Code   RO            8    .text.App_HandleKeys  app.o
    0x000007dc   0x000007dc   0x00000054   Code   RO            2    .text.App_Init      app.o
    0x00000830   0x00000830   0x00000094   Code   RO            4    .text.App_LoadAlarm  app.o
    0x000008c4   0x000008c4   0x00000008   Code   RO           28    .text.App_OnRtcSecond  app.o
    0x000008cc   0x000008cc   0x00000054   Code   RO           14    .text.App_SaveAlarm  app.o
    0x00000920   0x00000920   0x00000090   Code   RO           24    .text.App_Task1ms   app.o
    0x000009b0   0x000009b0   0x000000e8   Code   RO            6    .text.App_UpdateDisplay  app.o
    0x00000a98   0x00000a98   0x00000238   Code   RO           46    .text.Board_GPIO_Init  board.o
    0x00000cd0   0x00000cd0   0x0000001c   Code   RO           70    .text.Buzzer_AlarmStart5s  buzzer_led.o
    0x00000cec   0x00000cec   0x00000018   Code   RO           74    .text.Buzzer_AlarmStop  buzzer_led.o
    0x00000d04   0x00000d04   0x00000078   Code   RO           78    .text.Buzzer_HW_Init  buzzer_led.o
    0x00000d7c   0x00000d7c   0x0000000c   Code   RO           76    .text.Buzzer_IsAlarmRinging  buzzer_led.o
    0x00000d88   0x00000d88   0x00000018   Code   RO           68    .text.Buzzer_Pip300ms  buzzer_led.o
    0x00000da0   0x00000da0   0x0000002c   Code   RO           62    .text.Buzzer_Set    buzzer_led.o
    0x00000dcc   0x00000dcc   0x00000048   Code   RO           64    .text.Buzzer_SetReload  buzzer_led.o
    0x00000e14   0x00000e14   0x000000cc   Code   RO           72    .text.Buzzer_Task1ms  buzzer_led.o
    0x00000ee0   0x00000ee0   0x0000007c   Code   RO           30    .text.Clock_Increment1Second  app.o
    0x00000f5c   0x00000f5c   0x00000044   Code   RO           92    .text.Clock_Init_48MHz_IHRC  clock.o
    0x00000fa0   0x00000fa0   0x00000044   Code   RO          104    .text.Display_AllComOff  display7seg.o
    0x00000fe4   0x00000fe4   0x000000c4   Code   RO          102    .text.Display_Scan1ms  display7seg.o
    0x000010a8   0x000010a8   0x0000001c   Code   RO          100    .text.Display_SetBlinkOn  display7seg.o
    0x000010c4   0x000010c4   0x00000074   Code   RO          108    .text.Display_ShowTime  display7seg.o
    0x00001138   0x00001138   0x00000054   Code   RO          106    .text.Display_WriteSegments  display7seg.o
    0x0000118c   0x0000118c   0x0000003a   Code   RO          123    .text.EEPROM_ReadByte  eeprom.o
    0x000011c6   0x000011c6   0x00000002   PAD
    0x000011c8   0x000011c8   0x00000070   Code   RO          125    .text.EEPROM_WriteByte  eeprom.o
    0x00001238   0x00001238   0x00000018   Code   RO           12    .text.ExitToNormal  app.o
    0x00001250   0x00001250   0x00000030   Code   RO          127    .text.Flash_ErasePage  eeprom.o
    0x00001280   0x00001280   0x000000bc   Code   RO          129    .text.Flash_ProgramPage  eeprom.o
    0x0000133c   0x0000133c   0x00000018   Code   RO          131    .text.Flash_WaitDone  eeprom.o
    0x00001354   0x00001354   0x00000028   Code   RO           26    .text.InAlarmEditMode  app.o
    0x0000137c   0x0000137c   0x00000010   Code   RO           10    .text.InEditMode    app.o
    0x0000138c   0x0000138c   0x000000a4   Code   RO          193    .text.Keypad_ReadRaw  keypad.o
    0x00001430   0x00001430   0x0000008c   Code   RO          191    .text.Keypad_Task10ms  keypad.o
    0x000014bc   0x000014bc   0x0000002c   Code   RO           66    .text.LedD6_Set     buzzer_led.o
    0x000014e8   0x000014e8   0x0000002c   Code   RO          225    .text.RTC_ConsumeSecondFlag  rtc.o
    0x00001514   0x00001514   0x00000002   Code   RO          227    .text.RTC_IRQHandler  rtc.o
    0x00001516   0x00001516   0x00000002   PAD
    0x00001518   0x00001518   0x0000000c   Code   RO          221    .text.RTC_Init_1Hz_ELS  rtc.o
    0x00001524   0x00001524   0x0000002c   Code   RO          223    .text.RTC_Tick1ms   rtc.o
    0x00001550   0x00001550   0x00000048   Code   RO          197    .text.Row_DriveLow  keypad.o
    0x00001598   0x00001598   0x00000068   Code   RO          195    .text.Row_ReleaseAll  keypad.o
    0x00001600   0x00001600   0x00000020   Code   RO          199    .text.SmallDelay    keypad.o
    0x00001620   0x00001620   0x00000050   Code   RO          242    .text.SysTick_Config  systick.o
    0x00001670   0x00001670   0x0000004c   Code   RO          244    .text.SysTick_Handler  systick.o
    0x000016bc   0x000016bc   0x00000010   Code   RO          240    .text.SysTick_Init1ms  systick.o
    0x000016cc   0x000016cc   0x00000084   Code   RO          248    .text.__NVIC_SetPriority  systick.o
    0x00001750   0x00001750   0x00000060   Code   RO          157    .text.gpio_BCLR     gpio.o
    0x000017b0   0x000017b0   0x00000060   Code   RO          153    .text.gpio_BSET     gpio.o
    0x00001810   0x00001810   0x00000060   Code   RO          143    .text.gpio_CFG      gpio.o
    0x00001870   0x00001870   0x00000060   Code   RO          163    .text.gpio_DATA     gpio.o
    0x000018d0   0x000018d0   0x00000060   Code   RO          147    .text.gpio_MODE     gpio.o
    0x00001930   0x00001930   0x0000003a   Code   RO          141    .text.gpio_cfg      gpio.o
    0x0000196a   0x0000196a   0x00000024   Code   RO          155    .text.gpio_clr      gpio.o
    0x0000198e   0x0000198e   0x00000028   Code   RO          149    .text.gpio_input    gpio.o
    0x000019b6   0x000019b6   0x00000028   Code   RO          145    .text.gpio_output   gpio.o
    0x000019de   0x000019de   0x00000024   Code   RO          161    .text.gpio_read     gpio.o
    0x00001a02   0x00001a02   0x00000024   Code   RO          151    .text.gpio_set      gpio.o
    0x00001a26   0x00001a26   0x0000003a   Code   RO          159    .text.gpio_write    gpio.o
    0x00001a60   0x00001a60   0x00000074   Code   RO          212    .text.main          main.o
    0x00001ad4   0x00001ad4   0x00000008   Data   RO           51    .rodata.BOARD_COL   board.o
    0x00001adc   0x00001adc   0x00000008   Data   RO           49    .rodata.BOARD_COM   board.o
    0x00001ae4   0x00001ae4   0x00000008   Data   RO           50    .rodata.BOARD_ROW   board.o
    0x00001aec   0x00001aec   0x00000010   Data   RO           48    .rodata.BOARD_SEG   board.o
    0x00001afc   0x00001afc   0x00000010   Data   RO          204    .rodata.KEY_MAP     keypad.o
    0x00001b0c   0x00001b0c   0x00000002   Data   RO           53    .rodata.PIN_LED_D6  board.o
    0x00001b0e   0x00001b0e   0x0000000a   Data   RO          113    .rodata.SEG_LUT     display7seg.o
    0x00001b18   0x00001b18   0x00000020   Data   RO          466    Region$$Table       anon$$obj.o


    Execution Region RW_IRAM1 (Exec base: 0x20000000, Load base: 0x00001b38, Size: 0x00000498, Max: 0x00002000, ABSOLUTE)

    Exec Addr    Load Addr    Size         Type   Attr      Idx    E Section Name        Object

    0x20000000   0x00001b38   0x00000001   Data   RW           37    .data.s_blink_on    app.o
    0x20000001   0x00001b39   0x00000001   Data   RW          110    .data.s_blink_on    display7seg.o
    0x20000002   0x00001b3a   0x00000001   Data   RW          115    .data.s_disp_dp_mask  display7seg.o
    0x20000003   0x00001b3b   0x00000005   PAD
    0x20000008        -       0x00000060   Zero   RW          330    .bss                c_p.l(libspace.o)
    0x20000068        -       0x00000002   Zero   RW           38    .bss.App_Task1ms.blink_ms  app.o
    0x2000006a        -       0x00000001   Zero   RW          111    .bss.Display_Scan1ms.index  display7seg.o
    0x2000006b        -       0x00000001   Zero   RW          203    .bss.Keypad_Task10ms.count  keypad.o
    0x2000006c        -       0x00000001   Zero   RW          201    .bss.Keypad_Task10ms.last_raw  keypad.o
    0x2000006d        -       0x00000001   Zero   RW          202    .bss.Keypad_Task10ms.stable  keypad.o
    0x2000006e        -       0x00000001   Zero   RW          251    .bss.g_flag_10ms    systick.o
    0x2000006f   0x00001b3b   0x00000001   PAD
    0x20000070        -       0x00000004   Zero   RW          250    .bss.g_ms           systick.o
    0x20000074        -       0x00000002   Zero   RW          232    .bss.s_1s_divider   rtc.o
    0x20000076        -       0x00000003   Zero   RW           34    .bss.s_alarm        app.o
    0x20000079        -       0x00000001   Zero   RW           83    .bss.s_alarm_buz_on  buzzer_led.o
    0x2000007a        -       0x00000003   Zero   RW           33    .bss.s_alarm_edit   app.o
    0x2000007d   0x00001b3b   0x00000001   PAD
    0x2000007e        -       0x00000002   Zero   RW           80    .bss.s_alarm_ms     buzzer_led.o
    0x20000080        -       0x00000002   Zero   RW           82    .bss.s_alarm_phase_ms  buzzer_led.o
    0x20000082        -       0x00000001   Zero   RW           84    .bss.s_buzzer_hw_ready  buzzer_led.o
    0x20000083        -       0x00000001   Zero   RW          112    .bss.s_disp_blink_mask  display7seg.o
    0x20000084        -       0x00000004   Zero   RW          114    .bss.s_disp_digits  display7seg.o
    0x20000088        -       0x00000004   Zero   RW           36    .bss.s_idle_ms      app.o
    0x2000008c        -       0x00000001   Zero   RW           35    .bss.s_mode         app.o
    0x2000008d        -       0x00000003   Zero   RW           32    .bss.s_now          app.o
    0x20000090        -       0x00000200   Zero   RW          133    .bss.s_page_words   eeprom.o
    0x20000290        -       0x00000002   Zero   RW           81    .bss.s_pip_ms       buzzer_led.o
    0x20000292        -       0x00000001   Zero   RW          231    .bss.s_rtc_second_flag  rtc.o
    0x20000293   0x00001b3b   0x00000005   PAD
    0x20000298        -       0x00000000   Zero   RW          259    HEAP                startup_sn32f400.o
    0x20000298        -       0x00000200   Zero   RW          258    STACK               startup_sn32f400.o



  Load Region LR$$.ARM.__at_0x00007FFC (Base: 0x00007ffc, Size: 0x00000004, Max: 0x00000004, ABSOLUTE)

    Execution Region ER$$.ARM.__at_0x00007FFC (Exec base: 0x00007ffc, Load base: 0x00007ffc, Size: 0x00000004, Max: 0x00000004, ABSOLUTE, UNINIT)

    Exec Addr    Load Addr    Size         Type   Attr      Idx    E Section Name        Object

    0x00007ffc   0x00007ffc   0x00000004   Code   RO          261    .ARM.__at_0x00007FFC  startup_sn32f400.o


==============================================================================

Image component sizes


      Code (inc. data)   RO Data    RW Data    ZI Data      Debug   Object Name

      2000         84          0          1         16       4159   app.o
       568         20         42          0          0       1344   board.o
       572         64          0          0          8       8299   buzzer_led.o
        68         20          0          0          0       3228   clock.o
       492         32         10          2          6       1738   display7seg.o
       430         20          0          0        512       2876   eeprom.o
       784        160          0          0          0      12851   gpio.o
       512         24         16          0          3       1692   keypad.o
       116          8          0          0          0        670   main.o
       102          8          0          0          3        926   rtc.o
        64         32        192          0        512        916   startup_sn32f400.o
       304         40          0          0          5       2930   systick.o

    ----------------------------------------------------------------------
      6018        512        292          4       1076      41629   Object Totals
         0          0         32          0          0          0   (incl. Generated)
         6          0          0          1         11          0   (incl. Padding)

    ----------------------------------------------------------------------

      Code (inc. data)   RO Data    RW Data    ZI Data      Debug   Library Member Name

         8          0          0          0          0         68   __main.o
         0          0          0          0          0          0   __rtentry.o
        12          0          0          0          0          0   __rtentry2.o
         6          0          0          0          0          0   __rtentry4.o
        86         10          0          0          0          0   __scatter.o
        26          0          0          0          0          0   __scatter_copy.o
        28          0          0          0          0          0   __scatter_zi.o
       364          4          0          0          0         92   aeabi_sdiv.o
        16          0          0          0          0         68   exit.o
         6          0          0          0          0        136   heapauxi.o
         0          0          0          0          0          0   indicate_semi.o
         2          0          0          0          0          0   libinit.o
         2          0          0          0          0          0   libinit2.o
         2          0          0          0          0          0   libshutdown.o
         2          0          0          0          0          0   libshutdown2.o
         8          4          0          0         96         68   libspace.o
         2          0          0          0          0          0   rtexit.o
        10          0          0          0          0          0   rtexit2.o
        12          4          0          0          0         60   sys_exit.o
        62          0          0          0          0         80   sys_stackheap_outer.o
         2          0          0          0          0         68   use_no_semi.o

    ----------------------------------------------------------------------
       662         22          0          0         96        640   Library Totals
         6          0          0          0          0          0   (incl. Padding)

    ----------------------------------------------------------------------

      Code (inc. data)   RO Data    RW Data    ZI Data      Debug   Library Name

       656         22          0          0         96        640   c_p.l

    ----------------------------------------------------------------------
       662         22          0          0         96        640   Library Totals

    ----------------------------------------------------------------------

==============================================================================


      Code (inc. data)   RO Data    RW Data    ZI Data      Debug   

      6680        534        292          4       1172      41993   Grand Totals
      6680        534        292          4       1172      41993   ELF Image Totals
      6680        534        292          4          0          0   ROM Totals

==============================================================================

    Total RO  Size (Code + RO Data)                 6972 (   6.81kB)
    Total RW  Size (RW Data + ZI Data)              1176 (   1.15kB)
    Total ROM Size (Code + RO Data + RW Data)       6976 (   6.81kB)

==============================================================================

